0 verbose cli /Users/paulkillgus/.nvm/versions/node/v23.11.0/bin/node /Users/paulkillgus/.nvm/versions/node/v23.11.0/bin/npm
1 info using npm@10.9.2
2 info using node@v23.11.0
3 silly config load:file:/Users/paulkillgus/.nvm/versions/node/v23.11.0/lib/node_modules/npm/npmrc
4 silly config load:file:/Users/paulkillgus/Desktop/Seitenheld Messe/leadcap/.npmrc
5 silly config load:file:/Users/paulkillgus/.npmrc
6 silly config load:file:/Users/paulkillgus/.nvm/versions/node/v23.11.0/etc/npmrc
7 verbose title npm install @radix-ui/react-dialog
8 verbose argv "install" "@radix-ui/react-dialog"
9 verbose logfile logs-max:10 dir:/Users/paulkillgus/Desktop/Seitenheld Messe/leadcap/.npm-cache/_logs/2026-01-07T10_48_13_274Z-
10 verbose logfile /Users/paulkillgus/Desktop/Seitenheld Messe/leadcap/.npm-cache/_logs/2026-01-07T10_48_13_274Z-debug-0.log
11 silly logfile done cleaning log files
12 silly packumentCache heap:2197815296 maxSize:549453824 maxEntrySize:274726912
13 silly idealTree buildDeps
14 silly fetch manifest @radix-ui/react-dialog@*
15 silly packumentCache full:https://registry.npmjs.org/@radix-ui%2freact-dialog cache-miss
16 http fetch GET 200 https://registry.npmjs.org/@radix-ui%2freact-dialog 242ms (cache miss)
17 silly packumentCache full:https://registry.npmjs.org/@radix-ui%2freact-dialog set size:undefined disposed:false
18 silly fetch manifest @types/react@^19
19 silly packumentCache full:https://registry.npmjs.org/@types%2freact cache-miss
20 http fetch GET 200 https://registry.npmjs.org/@types%2freact 60ms (cache revalidated)
21 silly packumentCache full:https://registry.npmjs.org/@types%2freact set size:2541992 disposed:false
22 silly fetch manifest @types/react-dom@^19
23 silly packumentCache full:https://registry.npmjs.org/@types%2freact-dom cache-miss
24 http fetch GET 200 https://registry.npmjs.org/@types%2freact-dom 501ms (cache revalidated)
25 silly packumentCache full:https://registry.npmjs.org/@types%2freact-dom set size:429026 disposed:false
26 silly fetch manifest react@19.2.3
27 silly packumentCache full:https://registry.npmjs.org/react cache-miss
28 http fetch GET 200 https://registry.npmjs.org/react 64ms (cache revalidated)
29 silly packumentCache full:https://registry.npmjs.org/react set size:6362621 disposed:false
30 silly fetch manifest react-dom@19.2.3
31 silly packumentCache full:https://registry.npmjs.org/react-dom cache-miss
32 http fetch GET 200 https://registry.npmjs.org/react-dom 57ms (cache revalidated)
33 silly packumentCache full:https://registry.npmjs.org/react-dom set size:8375290 disposed:false
34 silly placeDep ROOT @radix-ui/react-dialog@1.1.15 OK for: leadcap@0.1.0 want: *
35 silly fetch manifest @radix-ui/react-slot@1.2.3
36 silly packumentCache full:https://registry.npmjs.org/@radix-ui%2freact-slot cache-miss
37 silly fetch manifest @radix-ui/react-presence@1.1.5
38 silly packumentCache full:https://registry.npmjs.org/@radix-ui%2freact-presence cache-miss
39 silly fetch manifest @radix-ui/react-primitive@2.1.3
40 silly packumentCache full:https://registry.npmjs.org/@radix-ui%2freact-primitive cache-miss
41 http fetch GET 200 https://registry.npmjs.org/@radix-ui%2freact-presence 87ms (cache miss)
42 silly packumentCache full:https://registry.npmjs.org/@radix-ui%2freact-presence set size:undefined disposed:false
43 http fetch GET 200 https://registry.npmjs.org/@radix-ui%2freact-slot 153ms (cache revalidated)
44 silly packumentCache full:https://registry.npmjs.org/@radix-ui%2freact-slot set size:387271 disposed:false
45 http fetch GET 200 https://registry.npmjs.org/@radix-ui%2freact-primitive 156ms (cache revalidated)
46 silly packumentCache full:https://registry.npmjs.org/@radix-ui%2freact-primitive set size:595809 disposed:false
47 silly fetch manifest @types/react@*
48 silly packumentCache full:https://registry.npmjs.org/@types%2freact cache-miss
49 http cache https://registry.npmjs.org/@types%2freact 5ms (cache hit)
50 silly packumentCache full:https://registry.npmjs.org/@types%2freact set size:2541992 disposed:false
51 silly fetch manifest react@^16.8 || ^17.0 || ^18.0 || ^19.0 || ^19.0.0-rc
52 silly packumentCache full:https://registry.npmjs.org/react cache-miss
53 http cache https://registry.npmjs.org/react 7ms (cache hit)
54 silly packumentCache full:https://registry.npmjs.org/react set size:6362621 disposed:false
55 silly fetch manifest @types/react-dom@*
56 silly packumentCache full:https://registry.npmjs.org/@types%2freact-dom cache-hit
57 silly fetch manifest react-dom@^16.8 || ^17.0 || ^18.0 || ^19.0 || ^19.0.0-rc
58 silly packumentCache full:https://registry.npmjs.org/react-dom cache-miss
59 http cache https://registry.npmjs.org/react-dom 12ms (cache hit)
60 silly packumentCache full:https://registry.npmjs.org/react-dom set size:8375290 disposed:false
61 silly placeDep ROOT @radix-ui/react-presence@1.1.5 OK for: @radix-ui/react-dialog@1.1.15 want: 1.1.5
62 silly placeDep node_modules/@radix-ui/react-dialog @radix-ui/react-primitive@2.1.3 OK for: @radix-ui/react-dialog@1.1.15 want: 2.1.3
63 silly placeDep node_modules/@radix-ui/react-dialog @radix-ui/react-slot@1.2.3 OK for: @radix-ui/react-dialog@1.1.15 want: 1.2.3
64 silly reify moves {}
65 verbose reify failed optional dependency /Users/paulkillgus/Desktop/Seitenheld Messe/leadcap/node_modules/@tailwindcss/oxide-wasm32-wasi
66 silly reify mark deleted [
66 silly reify   '/Users/paulkillgus/Desktop/Seitenheld Messe/leadcap/node_modules/@tailwindcss/oxide-wasm32-wasi'
66 silly reify ]
67 silly audit bulk request {
67 silly audit   '@alloc/quick-lru': [ '5.2.0' ],
67 silly audit   '@babel/code-frame': [ '7.27.1' ],
67 silly audit   '@babel/compat-data': [ '7.28.5' ],
67 silly audit   '@babel/core': [ '7.28.5' ],
67 silly audit   '@babel/generator': [ '7.28.5' ],
67 silly audit   '@babel/helper-compilation-targets': [ '7.27.2' ],
67 silly audit   '@babel/helper-globals': [ '7.28.0' ],
67 silly audit   '@babel/helper-module-imports': [ '7.27.1' ],
67 silly audit   '@babel/helper-module-transforms': [ '7.28.3' ],
67 silly audit   '@babel/helper-string-parser': [ '7.27.1' ],
67 silly audit   '@babel/helper-validator-identifier': [ '7.28.5' ],
67 silly audit   '@babel/helper-validator-option': [ '7.27.1' ],
67 silly audit   '@babel/helpers': [ '7.28.4' ],
67 silly audit   '@babel/parser': [ '7.28.5' ],
67 silly audit   '@babel/template': [ '7.27.2' ],
67 silly audit   '@babel/traverse': [ '7.28.5' ],
67 silly audit   '@babel/types': [ '7.28.5' ],
67 silly audit   '@emnapi/core': [ '1.8.1' ],
67 silly audit   '@emnapi/runtime': [ '1.8.1' ],
67 silly audit   '@emnapi/wasi-threads': [ '1.1.0' ],
67 silly audit   '@eslint-community/eslint-utils': [ '4.9.1' ],
67 silly audit   'eslint-visitor-keys': [ '3.4.3', '4.2.1' ],
67 silly audit   '@eslint-community/regexpp': [ '4.12.2' ],
67 silly audit   '@eslint/config-array': [ '0.21.1' ],
67 silly audit   '@eslint/config-helpers': [ '0.4.2' ],
67 silly audit   '@eslint/core': [ '0.17.0' ],
67 silly audit   '@eslint/eslintrc': [ '3.3.3' ],
67 silly audit   '@eslint/js': [ '9.39.2' ],
67 silly audit   '@eslint/object-schema': [ '2.1.7' ],
67 silly audit   '@eslint/plugin-kit': [ '0.4.1' ],
67 silly audit   '@floating-ui/core': [ '1.7.3' ],
67 silly audit   '@floating-ui/dom': [ '1.7.4' ],
67 silly audit   '@floating-ui/react-dom': [ '2.1.6' ],
67 silly audit   '@floating-ui/utils': [ '0.2.10' ],
67 silly audit   '@hookform/resolvers': [ '5.2.2' ],
67 silly audit   '@humanfs/core': [ '0.19.1' ],
67 silly audit   '@humanfs/node': [ '0.16.7' ],
67 silly audit   '@humanwhocodes/module-importer': [ '1.0.1' ],
67 silly audit   '@humanwhocodes/retry': [ '0.4.3' ],
67 silly audit   '@img/colour': [ '1.0.0' ],
67 silly audit   '@img/sharp-darwin-arm64': [ '0.34.5' ],
67 silly audit   '@img/sharp-darwin-x64': [ '0.34.5' ],
67 silly audit   '@img/sharp-libvips-darwin-arm64': [ '1.2.4' ],
67 silly audit   '@img/sharp-libvips-darwin-x64': [ '1.2.4' ],
67 silly audit   '@img/sharp-libvips-linux-arm': [ '1.2.4' ],
67 silly audit   '@img/sharp-libvips-linux-arm64': [ '1.2.4' ],
67 silly audit   '@img/sharp-libvips-linux-ppc64': [ '1.2.4' ],
67 silly audit   '@img/sharp-libvips-linux-riscv64': [ '1.2.4' ],
67 silly audit   '@img/sharp-libvips-linux-s390x': [ '1.2.4' ],
67 silly audit   '@img/sharp-libvips-linux-x64': [ '1.2.4' ],
67 silly audit   '@img/sharp-libvips-linuxmusl-arm64': [ '1.2.4' ],
67 silly audit   '@img/sharp-libvips-linuxmusl-x64': [ '1.2.4' ],
67 silly audit   '@img/sharp-linux-arm': [ '0.34.5' ],
67 silly audit   '@img/sharp-linux-arm64': [ '0.34.5' ],
67 silly audit   '@img/sharp-linux-ppc64': [ '0.34.5' ],
67 silly audit   '@img/sharp-linux-riscv64': [ '0.34.5' ],
67 silly audit   '@img/sharp-linux-s390x': [ '0.34.5' ],
67 silly audit   '@img/sharp-linux-x64': [ '0.34.5' ],
67 silly audit   '@img/sharp-linuxmusl-arm64': [ '0.34.5' ],
67 silly audit   '@img/sharp-linuxmusl-x64': [ '0.34.5' ],
67 silly audit   '@img/sharp-wasm32': [ '0.34.5' ],
67 silly audit   '@img/sharp-win32-arm64': [ '0.34.5' ],
67 silly audit   '@img/sharp-win32-ia32': [ '0.34.5' ],
67 silly audit   '@img/sharp-win32-x64': [ '0.34.5' ],
67 silly audit   '@jridgewell/gen-mapping': [ '0.3.13' ],
67 silly audit   '@jridgewell/remapping': [ '2.3.5' ],
67 silly audit   '@jridgewell/resolve-uri': [ '3.1.2' ],
67 silly audit   '@jridgewell/sourcemap-codec': [ '1.5.5' ],
67 silly audit   '@jridgewell/trace-mapping': [ '0.3.31' ],
67 silly audit   '@napi-rs/wasm-runtime': [ '0.2.12' ],
67 silly audit   '@next/env': [ '16.1.1' ],
67 silly audit   '@next/eslint-plugin-next': [ '16.1.1' ],
67 silly audit   '@next/swc-darwin-arm64': [ '16.1.1' ],
67 silly audit   '@next/swc-darwin-x64': [ '16.1.1' ],
67 silly audit   '@next/swc-linux-arm64-gnu': [ '16.1.1' ],
67 silly audit   '@next/swc-linux-arm64-musl': [ '16.1.1' ],
67 silly audit   '@next/swc-linux-x64-gnu': [ '16.1.1' ],
67 silly audit   '@next/swc-linux-x64-musl': [ '16.1.1' ],
67 silly audit   '@next/swc-win32-arm64-msvc': [ '16.1.1' ],
67 silly audit   '@next/swc-win32-x64-msvc': [ '16.1.1' ],
67 silly audit   '@nodelib/fs.scandir': [ '2.1.5' ],
67 silly audit   '@nodelib/fs.stat': [ '2.0.5' ],
67 silly audit   '@nodelib/fs.walk': [ '1.2.8' ],
67 silly audit   '@nolyfill/is-core-module': [ '1.0.39' ],
67 silly audit   '@radix-ui/number': [ '1.1.1' ],
67 silly audit   '@radix-ui/primitive': [ '1.1.3' ],
67 silly audit   '@radix-ui/react-arrow': [ '1.1.7' ],
67 silly audit   '@radix-ui/react-primitive': [ '2.1.3', '2.1.4' ],
67 silly audit   '@radix-ui/react-slot': [ '1.2.3', '1.2.4' ],
67 silly audit   '@radix-ui/react-collection': [ '1.1.7' ],
67 silly audit   '@radix-ui/react-compose-refs': [ '1.1.2' ],
67 silly audit   '@radix-ui/react-context': [ '1.1.2' ],
67 silly audit   '@radix-ui/react-direction': [ '1.1.1' ],
67 silly audit   '@radix-ui/react-dismissable-layer': [ '1.1.11' ],
67 silly audit   '@radix-ui/react-focus-guards': [ '1.1.3' ],
67 silly audit   '@radix-ui/react-focus-scope': [ '1.1.7' ],
67 silly audit   '@radix-ui/react-id': [ '1.1.1' ],
67 silly audit   '@radix-ui/react-label': [ '2.1.8' ],
67 silly audit   '@radix-ui/react-popper': [ '1.2.8' ],
67 silly audit   '@radix-ui/react-portal': [ '1.1.9' ],
67 silly audit   '@radix-ui/react-select': [ '2.2.6' ],
67 silly audit   '@radix-ui/react-use-callback-ref': [ '1.1.1' ],
67 silly audit   '@radix-ui/react-use-controllable-state': [ '1.2.2' ],
67 silly audit   '@radix-ui/react-use-effect-event': [ '0.0.2' ],
67 silly audit   '@radix-ui/react-use-escape-keydown': [ '1.1.1' ],
67 silly audit   '@radix-ui/react-use-layout-effect': [ '1.1.1' ],
67 silly audit   '@radix-ui/react-use-previous': [ '1.1.1' ],
67 silly audit   '@radix-ui/react-use-rect': [ '1.1.1' ],
67 silly audit   '@radix-ui/react-use-size': [ '1.1.1' ],
67 silly audit   '@radix-ui/react-visually-hidden': [ '1.2.3' ],
67 silly audit   '@radix-ui/rect': [ '1.1.1' ],
67 silly audit   '@rtsao/scc': [ '1.1.0' ],
67 silly audit   '@standard-schema/utils': [ '0.3.0' ],
67 silly audit   '@supabase/auth-helpers-nextjs': [ '0.15.0' ],
67 silly audit   '@supabase/auth-js': [ '2.89.0' ],
67 silly audit   '@supabase/functions-js': [ '2.89.0' ],
67 silly audit   '@supabase/postgrest-js': [ '2.89.0' ],
67 silly audit   '@supabase/realtime-js': [ '2.89.0' ],
67 silly audit   '@supabase/ssr': [ '0.8.0' ],
67 silly audit   '@supabase/storage-js': [ '2.89.0' ],
67 silly audit   '@supabase/supabase-js': [ '2.89.0' ],
67 silly audit   '@swc/helpers': [ '0.5.15' ],
67 silly audit   '@tailwindcss/node': [ '4.1.18' ],
67 silly audit   '@tailwindcss/oxide': [ '4.1.18' ],
67 silly audit   '@tailwindcss/oxide-android-arm64': [ '4.1.18' ],
67 silly audit   '@tailwindcss/oxide-darwin-arm64': [ '4.1.18' ],
67 silly audit   '@tailwindcss/oxide-darwin-x64': [ '4.1.18' ],
67 silly audit   '@tailwindcss/oxide-freebsd-x64': [ '4.1.18' ],
67 silly audit   '@tailwindcss/oxide-linux-arm-gnueabihf': [ '4.1.18' ],
67 silly audit   '@tailwindcss/oxide-linux-arm64-gnu': [ '4.1.18' ],
67 silly audit   '@tailwindcss/oxide-linux-arm64-musl': [ '4.1.18' ],
67 silly audit   '@tailwindcss/oxide-linux-x64-gnu': [ '4.1.18' ],
67 silly audit   '@tailwindcss/oxide-linux-x64-musl': [ '4.1.18' ],
67 silly audit   '@tailwindcss/oxide-win32-arm64-msvc': [ '4.1.18' ],
67 silly audit   '@tailwindcss/oxide-win32-x64-msvc': [ '4.1.18' ],
67 silly audit   '@tailwindcss/postcss': [ '4.1.18' ],
67 silly audit   '@tybys/wasm-util': [ '0.10.1' ],
67 silly audit   '@types/estree': [ '1.0.8' ],
67 silly audit   '@types/json-schema': [ '7.0.15' ],
67 silly audit   '@types/json5': [ '0.0.29' ],
67 silly audit   '@types/node': [ '20.19.27' ],
67 silly audit   '@types/phoenix': [ '1.6.7' ],
67 silly audit   '@types/react': [ '19.2.7' ],
67 silly audit   '@types/react-dom': [ '19.2.3' ],
67 silly audit   '@types/ws': [ '8.18.1' ],
67 silly audit   '@typescript-eslint/eslint-plugin': [ '8.52.0' ],
67 silly audit   ignore: [ '7.0.5', '5.3.2' ],
67 silly audit   '@typescript-eslint/parser': [ '8.52.0' ],
67 silly audit   '@typescript-eslint/project-service': [ '8.52.0' ],
67 silly audit   '@typescript-eslint/scope-manager': [ '8.52.0' ],
67 silly audit   '@typescript-eslint/tsconfig-utils': [ '8.52.0' ],
67 silly audit   '@typescript-eslint/type-utils': [ '8.52.0' ],
67 silly audit   '@typescript-eslint/types': [ '8.52.0' ],
67 silly audit   '@typescript-eslint/typescript-estree': [ '8.52.0' ],
67 silly audit   'brace-expansion': [ '2.0.2', '1.1.12' ],
67 silly audit   minimatch: [ '9.0.5', '3.1.2' ],
67 silly audit   semver: [ '7.7.3', '6.3.1' ],
67 silly audit   '@typescript-eslint/utils': [ '8.52.0' ],
67 silly audit   '@typescript-eslint/visitor-keys': [ '8.52.0' ],
67 silly audit   '@unrs/resolver-binding-android-arm-eabi': [ '1.11.1' ],
67 silly audit   '@unrs/resolver-binding-android-arm64': [ '1.11.1' ],
67 silly audit   '@unrs/resolver-binding-darwin-arm64': [ '1.11.1' ],
67 silly audit   '@unrs/resolver-binding-darwin-x64': [ '1.11.1' ],
67 silly audit   '@unrs/resolver-binding-freebsd-x64': [ '1.11.1' ],
67 silly audit   '@unrs/resolver-binding-linux-arm-gnueabihf': [ '1.11.1' ],
67 silly audit   '@unrs/resolver-binding-linux-arm-musleabihf': [ '1.11.1' ],
67 silly audit   '@unrs/resolver-binding-linux-arm64-gnu': [ '1.11.1' ],
67 silly audit   '@unrs/resolver-binding-linux-arm64-musl': [ '1.11.1' ],
67 silly audit   '@unrs/resolver-binding-linux-ppc64-gnu': [ '1.11.1' ],
67 silly audit   '@unrs/resolver-binding-linux-riscv64-gnu': [ '1.11.1' ],
67 silly audit   '@unrs/resolver-binding-linux-riscv64-musl': [ '1.11.1' ],
67 silly audit   '@unrs/resolver-binding-linux-s390x-gnu': [ '1.11.1' ],
67 silly audit   '@unrs/resolver-binding-linux-x64-gnu': [ '1.11.1' ],
67 silly audit   '@unrs/resolver-binding-linux-x64-musl': [ '1.11.1' ],
67 silly audit   '@unrs/resolver-binding-wasm32-wasi': [ '1.11.1' ],
67 silly audit   '@unrs/resolver-binding-win32-arm64-msvc': [ '1.11.1' ],
67 silly audit   '@unrs/resolver-binding-win32-ia32-msvc': [ '1.11.1' ],
67 silly audit   '@unrs/resolver-binding-win32-x64-msvc': [ '1.11.1' ],
67 silly audit   acorn: [ '8.15.0' ],
67 silly audit   'acorn-jsx': [ '5.3.2' ],
67 silly audit   ajv: [ '6.12.6' ],
67 silly audit   'ansi-styles': [ '4.3.0' ],
67 silly audit   argparse: [ '2.0.1' ],
67 silly audit   'aria-hidden': [ '1.2.6' ],
67 silly audit   'aria-query': [ '5.3.2' ],
67 silly audit   'array-buffer-byte-length': [ '1.0.2' ],
67 silly audit   'array-includes': [ '3.1.9' ],
67 silly audit   'array.prototype.findlast': [ '1.2.5' ],
67 silly audit   'array.prototype.findlastindex': [ '1.2.6' ],
67 silly audit   'array.prototype.flat': [ '1.3.3' ],
67 silly audit   'array.prototype.flatmap': [ '1.3.3' ],
67 silly audit   'array.prototype.tosorted': [ '1.1.4' ],
67 silly audit   'arraybuffer.prototype.slice': [ '1.0.4' ],
67 silly audit   'ast-types-flow': [ '0.0.8' ],
67 silly audit   'async-function': [ '1.0.0' ],
67 silly audit   'available-typed-arrays': [ '1.0.7' ],
67 silly audit   'axe-core': [ '4.11.1' ],
67 silly audit   'axobject-query': [ '4.1.0' ],
67 silly audit   'balanced-match': [ '1.0.2' ],
67 silly audit   'baseline-browser-mapping': [ '2.9.11' ],
67 silly audit   braces: [ '3.0.3' ],
67 silly audit   browserslist: [ '4.28.1' ],
67 silly audit   'call-bind': [ '1.0.8' ],
67 silly audit   'call-bind-apply-helpers': [ '1.0.2' ],
67 silly audit   'call-bound': [ '1.0.4' ],
67 silly audit   callsites: [ '3.1.0' ],
67 silly audit   'caniuse-lite': [ '1.0.30001762' ],
67 silly audit   chalk: [ '4.1.2' ],
67 silly audit   'class-variance-authority': [ '0.7.1' ],
67 silly audit   'client-only': [ '0.0.1' ],
67 silly audit   clsx: [ '2.1.1' ],
67 silly audit   'color-convert': [ '2.0.1' ],
67 silly audit   'color-name': [ '1.1.4' ],
67 silly audit   'concat-map': [ '0.0.1' ],
67 silly audit   'convert-source-map': [ '2.0.0' ],
67 silly audit   cookie: [ '1.1.1' ],
67 silly audit   'cross-spawn': [ '7.0.6' ],
67 silly audit   csstype: [ '3.2.3' ],
67 silly audit   'damerau-levenshtein': [ '1.0.8' ],
67 silly audit   'data-view-buffer': [ '1.0.2' ],
67 silly audit   'data-view-byte-length': [ '1.0.2' ],
67 silly audit   'data-view-byte-offset': [ '1.0.1' ],
67 silly audit   'date-fns': [ '4.1.0' ],
67 silly audit   debug: [ '4.4.3', '3.2.7' ],
67 silly audit   'deep-is': [ '0.1.4' ],
67 silly audit   'define-data-property': [ '1.1.4' ],
67 silly audit   'define-properties': [ '1.2.1' ],
67 silly audit   'detect-libc': [ '2.1.2' ],
67 silly audit   'detect-node-es': [ '1.1.0' ],
67 silly audit   doctrine: [ '2.1.0' ],
67 silly audit   'dunder-proto': [ '1.0.1' ],
67 silly audit   'electron-to-chromium': [ '1.5.267' ],
67 silly audit   'emoji-regex': [ '9.2.2' ],
67 silly audit   'enhanced-resolve': [ '5.18.4' ],
67 silly audit   'es-abstract': [ '1.24.1' ],
67 silly audit   'es-define-property': [ '1.0.1' ],
67 silly audit   'es-errors': [ '1.3.0' ],
67 silly audit   'es-iterator-helpers': [ '1.2.2' ],
67 silly audit   'es-object-atoms': [ '1.1.1' ],
67 silly audit   'es-set-tostringtag': [ '2.1.0' ],
67 silly audit   'es-shim-unscopables': [ '1.1.0' ],
67 silly audit   'es-to-primitive': [ '1.3.0' ],
67 silly audit   escalade: [ '3.2.0' ],
67 silly audit   'escape-string-regexp': [ '4.0.0' ],
67 silly audit   eslint: [ '9.39.2' ],
67 silly audit   'eslint-config-next': [ '16.1.1' ],
67 silly audit   globals: [ '16.4.0', '14.0.0' ],
67 silly audit   'eslint-import-resolver-node': [ '0.3.9' ],
67 silly audit   'eslint-import-resolver-typescript': [ '3.10.1' ],
67 silly audit   'eslint-module-utils': [ '2.12.1' ],
67 silly audit   'eslint-plugin-import': [ '2.32.0' ],
67 silly audit   'eslint-plugin-jsx-a11y': [ '6.10.2' ],
67 silly audit   'eslint-plugin-react': [ '7.37.5' ],
67 silly audit   'eslint-plugin-react-hooks': [ '7.0.1' ],
67 silly audit   resolve: [ '2.0.0-next.5', '1.22.11' ],
67 silly audit   'eslint-scope': [ '8.4.0' ],
67 silly audit   espree: [ '10.4.0' ],
67 silly audit   esquery: [ '1.7.0' ],
67 silly audit   esrecurse: [ '4.3.0' ],
67 silly audit   estraverse: [ '5.3.0' ],
67 silly audit   esutils: [ '2.0.3' ],
67 silly audit   'fast-deep-equal': [ '3.1.3' ],
67 silly audit   'fast-glob': [ '3.3.1' ],
67 silly audit   'glob-parent': [ '5.1.2', '6.0.2' ],
67 silly audit   'fast-json-stable-stringify': [ '2.1.0' ],
67 silly audit   'fast-levenshtein': [ '2.0.6' ],
67 silly audit   fastq: [ '1.20.1' ],
67 silly audit   'file-entry-cache': [ '8.0.0' ],
67 silly audit   'fill-range': [ '7.1.1' ],
67 silly audit   'find-up': [ '5.0.0' ],
67 silly audit   'flat-cache': [ '4.0.1' ],
67 silly audit   flatted: [ '3.3.3' ],
67 silly audit   'for-each': [ '0.3.5' ],
67 silly audit   'function-bind': [ '1.1.2' ],
67 silly audit   'function.prototype.name': [ '1.1.8' ],
67 silly audit   'functions-have-names': [ '1.2.3' ],
67 silly audit   'generator-function': [ '2.0.1' ],
67 silly audit   gensync: [ '1.0.0-beta.2' ],
67 silly audit   'get-intrinsic': [ '1.3.0' ],
67 silly audit   'get-nonce': [ '1.0.1' ],
67 silly audit   'get-proto': [ '1.0.1' ],
67 silly audit   'get-symbol-description': [ '1.1.0' ],
67 silly audit   'get-tsconfig': [ '4.13.0' ],
67 silly audit   globalthis: [ '1.0.4' ],
67 silly audit   gopd: [ '1.2.0' ],
67 silly audit   'graceful-fs': [ '4.2.11' ],
67 silly audit   'has-bigints': [ '1.1.0' ],
67 silly audit   'has-flag': [ '4.0.0' ],
67 silly audit   'has-property-descriptors': [ '1.0.2' ],
67 silly audit   'has-proto': [ '1.2.0' ],
67 silly audit   'has-symbols': [ '1.1.0' ],
67 silly audit   'has-tostringtag': [ '1.0.2' ],
67 silly audit   hasown: [ '2.0.2' ],
67 silly audit   'hermes-estree': [ '0.25.1' ],
67 silly audit   'hermes-parser': [ '0.25.1' ],
67 silly audit   'iceberg-js': [ '0.8.1' ],
67 silly audit   'import-fresh': [ '3.3.1' ],
67 silly audit   imurmurhash: [ '0.1.4' ],
67 silly audit   'internal-slot': [ '1.1.0' ],
67 silly audit   'is-array-buffer': [ '3.0.5' ],
67 silly audit   'is-async-function': [ '2.1.1' ],
67 silly audit   'is-bigint': [ '1.1.0' ],
67 silly audit   'is-boolean-object': [ '1.2.2' ],
67 silly audit   'is-bun-module': [ '2.0.0' ],
67 silly audit   'is-callable': [ '1.2.7' ],
67 silly audit   'is-core-module': [ '2.16.1' ],
67 silly audit   'is-data-view': [ '1.0.2' ],
67 silly audit   'is-date-object': [ '1.1.0' ],
67 silly audit   'is-extglob': [ '2.1.1' ],
67 silly audit   'is-finalizationregistry': [ '1.1.1' ],
67 silly audit   'is-generator-function': [ '1.1.2' ],
67 silly audit   'is-glob': [ '4.0.3' ],
67 silly audit   'is-map': [ '2.0.3' ],
67 silly audit   'is-negative-zero': [ '2.0.3' ],
67 silly audit   'is-number': [ '7.0.0' ],
67 silly audit   'is-number-object': [ '1.1.1' ],
67 silly audit   'is-regex': [ '1.2.1' ],
67 silly audit   'is-set': [ '2.0.3' ],
67 silly audit   'is-shared-array-buffer': [ '1.0.4' ],
67 silly audit   'is-string': [ '1.1.1' ],
67 silly audit   'is-symbol': [ '1.1.1' ],
67 silly audit   'is-typed-array': [ '1.1.15' ],
67 silly audit   'is-weakmap': [ '2.0.2' ],
67 silly audit   'is-weakref': [ '1.1.1' ],
67 silly audit   'is-weakset': [ '2.0.4' ],
67 silly audit   isarray: [ '2.0.5' ],
67 silly audit   isexe: [ '2.0.0' ],
67 silly audit   'iterator.prototype': [ '1.1.5' ],
67 silly audit   jiti: [ '2.6.1' ],
67 silly audit   'js-tokens': [ '4.0.0' ],
67 silly audit   'js-yaml': [ '4.1.1' ],
67 silly audit   jsesc: [ '3.1.0' ],
67 silly audit   'json-buffer': [ '3.0.1' ],
67 silly audit   'json-schema-traverse': [ '0.4.1' ],
67 silly audit   'json-stable-stringify-without-jsonify': [ '1.0.1' ],
67 silly audit   json5: [ '2.2.3', '1.0.2' ],
67 silly audit   'jsx-ast-utils': [ '3.3.5' ],
67 silly audit   keyv: [ '4.5.4' ],
67 silly audit   'language-subtag-registry': [ '0.3.23' ],
67 silly audit   'language-tags': [ '1.0.9' ],
67 silly audit   levn: [ '0.4.1' ],
67 silly audit   lightningcss: [ '1.30.2' ],
67 silly audit   'lightningcss-android-arm64': [ '1.30.2' ],
67 silly audit   'lightningcss-darwin-arm64': [ '1.30.2' ],
67 silly audit   'lightningcss-darwin-x64': [ '1.30.2' ],
67 silly audit   'lightningcss-freebsd-x64': [ '1.30.2' ],
67 silly audit   'lightningcss-linux-arm-gnueabihf': [ '1.30.2' ],
67 silly audit   'lightningcss-linux-arm64-gnu': [ '1.30.2' ],
67 silly audit   'lightningcss-linux-arm64-musl': [ '1.30.2' ],
67 silly audit   'lightningcss-linux-x64-gnu': [ '1.30.2' ],
67 silly audit   'lightningcss-linux-x64-musl': [ '1.30.2' ],
67 silly audit   'lightningcss-win32-arm64-msvc': [ '1.30.2' ],
67 silly audit   'lightningcss-win32-x64-msvc': [ '1.30.2' ],
67 silly audit   'locate-path': [ '6.0.0' ],
67 silly audit   'lodash.merge': [ '4.6.2' ],
67 silly audit   'loose-envify': [ '1.4.0' ],
67 silly audit   'lru-cache': [ '5.1.1' ],
67 silly audit   'lucide-react': [ '0.562.0' ],
67 silly audit   'magic-string': [ '0.30.21' ],
67 silly audit   'math-intrinsics': [ '1.1.0' ],
67 silly audit   merge2: [ '1.4.1' ],
67 silly audit   micromatch: [ '4.0.8' ],
67 silly audit   minimist: [ '1.2.8' ],
67 silly audit   ms: [ '2.1.3' ],
67 silly audit   nanoid: [ '3.3.11' ],
67 silly audit   'napi-postinstall': [ '0.3.4' ],
67 silly audit   'natural-compare': [ '1.4.0' ],
67 silly audit   next: [ '16.1.1' ],
67 silly audit   postcss: [ '8.4.31', '8.5.6' ],
67 silly audit   'node-releases': [ '2.0.27' ],
67 silly audit   'object-assign': [ '4.1.1' ],
67 silly audit   'object-inspect': [ '1.13.4' ],
67 silly audit   'object-keys': [ '1.1.1' ],
67 silly audit   'object.assign': [ '4.1.7' ],
67 silly audit   'object.entries': [ '1.1.9' ],
67 silly audit   'object.fromentries': [ '2.0.8' ],
67 silly audit   'object.groupby': [ '1.0.3' ],
67 silly audit   'object.values': [ '1.2.1' ],
67 silly audit   optionator: [ '0.9.4' ],
67 silly audit   'own-keys': [ '1.0.1' ],
67 silly audit   'p-limit': [ '3.1.0' ],
67 silly audit   'p-locate': [ '5.0.0' ],
67 silly audit   'parent-module': [ '1.0.1' ],
67 silly audit   'path-exists': [ '4.0.0' ],
67 silly audit   'path-key': [ '3.1.1' ],
67 silly audit   'path-parse': [ '1.0.7' ],
67 silly audit   picocolors: [ '1.1.1' ],
67 silly audit   picomatch: [ '2.3.1', '4.0.3' ],
67 silly audit   'possible-typed-array-names': [ '1.1.0' ],
67 silly audit   'prelude-ls': [ '1.2.1' ],
67 silly audit   'prop-types': [ '15.8.1' ],
67 silly audit   punycode: [ '2.3.1' ],
67 silly audit   'queue-microtask': [ '1.2.3' ],
67 silly audit   react: [ '19.2.3' ],
67 silly audit   'react-dom': [ '19.2.3' ],
67 silly audit   'react-hook-form': [ '7.70.0' ],
67 silly audit   'react-is': [ '16.13.1' ],
67 silly audit   'react-remove-scroll': [ '2.7.2' ],
67 silly audit   'react-remove-scroll-bar': [ '2.3.8' ],
67 silly audit   'react-style-singleton': [ '2.2.3' ],
67 silly audit   'reflect.getprototypeof': [ '1.0.10' ],
67 silly audit   'regexp.prototype.flags': [ '1.5.4' ],
67 silly audit   'resolve-from': [ '4.0.0' ],
67 silly audit   'resolve-pkg-maps': [ '1.0.0' ],
67 silly audit   reusify: [ '1.1.0' ],
67 silly audit   'run-parallel': [ '1.2.0' ],
67 silly audit   'safe-array-concat': [ '1.1.3' ],
67 silly audit   'safe-push-apply': [ '1.0.0' ],
67 silly audit   'safe-regex-test': [ '1.1.0' ],
67 silly audit   scheduler: [ '0.27.0' ],
67 silly audit   'set-function-length': [ '1.2.2' ],
67 silly audit   'set-function-name': [ '2.0.2' ],
67 silly audit   'set-proto': [ '1.0.0' ],
67 silly audit   sharp: [ '0.34.5' ],
67 silly audit   'shebang-command': [ '2.0.0' ],
67 silly audit   'shebang-regex': [ '3.0.0' ],
67 silly audit   'side-channel': [ '1.1.0' ],
67 silly audit   'side-channel-list': [ '1.0.0' ],
67 silly audit   'side-channel-map': [ '1.0.1' ],
67 silly audit   'side-channel-weakmap': [ '1.0.2' ],
67 silly audit   'source-map-js': [ '1.2.1' ],
67 silly audit   'stable-hash': [ '0.0.5' ],
67 silly audit   'stop-iteration-iterator': [ '1.1.0' ],
67 silly audit   'string.prototype.includes': [ '2.0.1' ],
67 silly audit   'string.prototype.matchall': [ '4.0.12' ],
67 silly audit   'string.prototype.repeat': [ '1.0.0' ],
67 silly audit   'string.prototype.trim': [ '1.2.10' ],
67 silly audit   'string.prototype.trimend': [ '1.0.9' ],
67 silly audit   'string.prototype.trimstart': [ '1.0.8' ],
67 silly audit   'strip-bom': [ '3.0.0' ],
67 silly audit   'strip-json-comments': [ '3.1.1' ],
67 silly audit   'styled-jsx': [ '5.1.6' ],
67 silly audit   'supports-color': [ '7.2.0' ],
67 silly audit   'supports-preserve-symlinks-flag': [ '1.0.0' ],
67 silly audit   'tailwind-merge': [ '3.4.0' ],
67 silly audit   tailwindcss: [ '4.1.18' ],
67 silly audit   tapable: [ '2.3.0' ],
67 silly audit   tinyglobby: [ '0.2.15' ],
67 silly audit   fdir: [ '6.5.0' ],
67 silly audit   'to-regex-range': [ '5.0.1' ],
67 silly audit   'ts-api-utils': [ '2.4.0' ],
67 silly audit   'tsconfig-paths': [ '3.15.0' ],
67 silly audit   tslib: [ '2.8.1' ],
67 silly audit   'tw-animate-css': [ '1.4.0' ],
67 silly audit   'type-check': [ '0.4.0' ],
67 silly audit   'typed-array-buffer': [ '1.0.3' ],
67 silly audit   'typed-array-byte-length': [ '1.0.3' ],
67 silly audit   'typed-array-byte-offset': [ '1.0.4' ],
67 silly audit   'typed-array-length': [ '1.0.7' ],
67 silly audit   typescript: [ '5.9.3' ],
67 silly audit   'typescript-eslint': [ '8.52.0' ],
67 silly audit   'unbox-primitive': [ '1.1.0' ],
67 silly audit   'undici-types': [ '6.21.0' ],
67 silly audit   'unrs-resolver': [ '1.11.1' ],
67 silly audit   'update-browserslist-db': [ '1.2.3' ],
67 silly audit   'uri-js': [ '4.4.1' ],
67 silly audit   'use-callback-ref': [ '1.3.3' ],
67 silly audit   'use-sidecar': [ '1.1.3' ],
67 silly audit   which: [ '2.0.2' ],
67 silly audit   'which-boxed-primitive': [ '1.1.1' ],
67 silly audit   'which-builtin-type': [ '1.2.1' ],
67 silly audit   'which-collection': [ '1.0.2' ],
67 silly audit   'which-typed-array': [ '1.1.19' ],
67 silly audit   'word-wrap': [ '1.2.5' ],
67 silly audit   ws: [ '8.19.0' ],
67 silly audit   yallist: [ '3.1.1' ],
67 silly audit   'yocto-queue': [ '0.1.0' ],
67 silly audit   zod: [ '4.3.5' ],
67 silly audit   'zod-validation-error': [ '4.0.2' ],
67 silly audit   '@radix-ui/react-dialog': [ '1.1.15' ],
67 silly audit   '@radix-ui/react-presence': [ '1.1.5' ],
67 silly audit   '@tailwindcss/oxide-wasm32-wasi': [ '4.1.18' ]
67 silly audit }
68 verbose reify failed optional dependency /Users/paulkillgus/Desktop/Seitenheld Messe/leadcap/node_modules/lightningcss-win32-x64-msvc
69 silly reify mark deleted [
69 silly reify   '/Users/paulkillgus/Desktop/Seitenheld Messe/leadcap/node_modules/lightningcss-win32-x64-msvc'
69 silly reify ]
70 verbose reify failed optional dependency /Users/paulkillgus/Desktop/Seitenheld Messe/leadcap/node_modules/lightningcss-win32-arm64-msvc
71 silly reify mark deleted [
71 silly reify   '/Users/paulkillgus/Desktop/Seitenheld Messe/leadcap/node_modules/lightningcss-win32-arm64-msvc'
71 silly reify ]
72 verbose reify failed optional dependency /Users/paulkillgus/Desktop/Seitenheld Messe/leadcap/node_modules/lightningcss-linux-x64-musl
73 silly reify mark deleted [
73 silly reify   '/Users/paulkillgus/Desktop/Seitenheld Messe/leadcap/node_modules/lightningcss-linux-x64-musl'
73 silly reify ]
74 verbose reify failed optional dependency /Users/paulkillgus/Desktop/Seitenheld Messe/leadcap/node_modules/lightningcss-linux-x64-gnu
75 silly reify mark deleted [
75 silly reify   '/Users/paulkillgus/Desktop/Seitenheld Messe/leadcap/node_modules/lightningcss-linux-x64-gnu'
75 silly reify ]
76 verbose reify failed optional dependency /Users/paulkillgus/Desktop/Seitenheld Messe/leadcap/node_modules/lightningcss-linux-arm64-musl
77 silly reify mark deleted [
77 silly reify   '/Users/paulkillgus/Desktop/Seitenheld Messe/leadcap/node_modules/lightningcss-linux-arm64-musl'
77 silly reify ]
78 verbose reify failed optional dependency /Users/paulkillgus/Desktop/Seitenheld Messe/leadcap/node_modules/lightningcss-linux-arm64-gnu
79 silly reify mark deleted [
79 silly reify   '/Users/paulkillgus/Desktop/Seitenheld Messe/leadcap/node_modules/lightningcss-linux-arm64-gnu'
79 silly reify ]
80 verbose reify failed optional dependency /Users/paulkillgus/Desktop/Seitenheld Messe/leadcap/node_modules/lightningcss-linux-arm-gnueabihf
81 silly reify mark deleted [
81 silly reify   '/Users/paulkillgus/Desktop/Seitenheld Messe/leadcap/node_modules/lightningcss-linux-arm-gnueabihf'
81 silly reify ]
82 verbose reify failed optional dependency /Users/paulkillgus/Desktop/Seitenheld Messe/leadcap/node_modules/lightningcss-freebsd-x64
83 silly reify mark deleted [
83 silly reify   '/Users/paulkillgus/Desktop/Seitenheld Messe/leadcap/node_modules/lightningcss-freebsd-x64'
83 silly reify ]
84 verbose reify failed optional dependency /Users/paulkillgus/Desktop/Seitenheld Messe/leadcap/node_modules/lightningcss-darwin-x64
85 silly reify mark deleted [
85 silly reify   '/Users/paulkillgus/Desktop/Seitenheld Messe/leadcap/node_modules/lightningcss-darwin-x64'
85 silly reify ]
86 verbose reify failed optional dependency /Users/paulkillgus/Desktop/Seitenheld Messe/leadcap/node_modules/lightningcss-android-arm64
87 silly reify mark deleted [
87 silly reify   '/Users/paulkillgus/Desktop/Seitenheld Messe/leadcap/node_modules/lightningcss-android-arm64'
87 silly reify ]
88 verbose reify failed optional dependency /Users/paulkillgus/Desktop/Seitenheld Messe/leadcap/node_modules/@unrs/resolver-binding-win32-x64-msvc
89 silly reify mark deleted [
89 silly reify   '/Users/paulkillgus/Desktop/Seitenheld Messe/leadcap/node_modules/@unrs/resolver-binding-win32-x64-msvc'
89 silly reify ]
90 verbose reify failed optional dependency /Users/paulkillgus/Desktop/Seitenheld Messe/leadcap/node_modules/@unrs/resolver-binding-win32-ia32-msvc
91 silly reify mark deleted [
91 silly reify   '/Users/paulkillgus/Desktop/Seitenheld Messe/leadcap/node_modules/@unrs/resolver-binding-win32-ia32-msvc'
91 silly reify ]
92 verbose reify failed optional dependency /Users/paulkillgus/Desktop/Seitenheld Messe/leadcap/node_modules/@unrs/resolver-binding-win32-arm64-msvc
93 silly reify mark deleted [
93 silly reify   '/Users/paulkillgus/Desktop/Seitenheld Messe/leadcap/node_modules/@unrs/resolver-binding-win32-arm64-msvc'
93 silly reify ]
94 verbose reify failed optional dependency /Users/paulkillgus/Desktop/Seitenheld Messe/leadcap/node_modules/@unrs/resolver-binding-wasm32-wasi
95 silly reify mark deleted [
95 silly reify   '/Users/paulkillgus/Desktop/Seitenheld Messe/leadcap/node_modules/@unrs/resolver-binding-wasm32-wasi'
95 silly reify ]
96 verbose reify failed optional dependency /Users/paulkillgus/Desktop/Seitenheld Messe/leadcap/node_modules/@unrs/resolver-binding-linux-x64-musl
97 silly reify mark deleted [
97 silly reify   '/Users/paulkillgus/Desktop/Seitenheld Messe/leadcap/node_modules/@unrs/resolver-binding-linux-x64-musl'
97 silly reify ]
98 verbose reify failed optional dependency /Users/paulkillgus/Desktop/Seitenheld Messe/leadcap/node_modules/@unrs/resolver-binding-linux-x64-gnu
99 silly reify mark deleted [
99 silly reify   '/Users/paulkillgus/Desktop/Seitenheld Messe/leadcap/node_modules/@unrs/resolver-binding-linux-x64-gnu'
99 silly reify ]
100 verbose reify failed optional dependency /Users/paulkillgus/Desktop/Seitenheld Messe/leadcap/node_modules/@unrs/resolver-binding-linux-s390x-gnu
101 silly reify mark deleted [
101 silly reify   '/Users/paulkillgus/Desktop/Seitenheld Messe/leadcap/node_modules/@unrs/resolver-binding-linux-s390x-gnu'
101 silly reify ]
102 verbose reify failed optional dependency /Users/paulkillgus/Desktop/Seitenheld Messe/leadcap/node_modules/@unrs/resolver-binding-linux-riscv64-musl
103 silly reify mark deleted [
103 silly reify   '/Users/paulkillgus/Desktop/Seitenheld Messe/leadcap/node_modules/@unrs/resolver-binding-linux-riscv64-musl'
103 silly reify ]
104 verbose reify failed optional dependency /Users/paulkillgus/Desktop/Seitenheld Messe/leadcap/node_modules/@unrs/resolver-binding-linux-riscv64-gnu
105 silly reify mark deleted [
105 silly reify   '/Users/paulkillgus/Desktop/Seitenheld Messe/leadcap/node_modules/@unrs/resolver-binding-linux-riscv64-gnu'
105 silly reify ]
106 verbose reify failed optional dependency /Users/paulkillgus/Desktop/Seitenheld Messe/leadcap/node_modules/@unrs/resolver-binding-linux-ppc64-gnu
107 silly reify mark deleted [
107 silly reify   '/Users/paulkillgus/Desktop/Seitenheld Messe/leadcap/node_modules/@unrs/resolver-binding-linux-ppc64-gnu'
107 silly reify ]
108 verbose reify failed optional dependency /Users/paulkillgus/Desktop/Seitenheld Messe/leadcap/node_modules/@unrs/resolver-binding-linux-arm64-musl
109 silly reify mark deleted [
109 silly reify   '/Users/paulkillgus/Desktop/Seitenheld Messe/leadcap/node_modules/@unrs/resolver-binding-linux-arm64-musl'
109 silly reify ]
110 verbose reify failed optional dependency /Users/paulkillgus/Desktop/Seitenheld Messe/leadcap/node_modules/@unrs/resolver-binding-linux-arm64-gnu
111 silly reify mark deleted [
111 silly reify   '/Users/paulkillgus/Desktop/Seitenheld Messe/leadcap/node_modules/@unrs/resolver-binding-linux-arm64-gnu'
111 silly reify ]
112 verbose reify failed optional dependency /Users/paulkillgus/Desktop/Seitenheld Messe/leadcap/node_modules/@unrs/resolver-binding-linux-arm-musleabihf
113 silly reify mark deleted [
113 silly reify   '/Users/paulkillgus/Desktop/Seitenheld Messe/leadcap/node_modules/@unrs/resolver-binding-linux-arm-musleabihf'
113 silly reify ]
114 verbose reify failed optional dependency /Users/paulkillgus/Desktop/Seitenheld Messe/leadcap/node_modules/@unrs/resolver-binding-linux-arm-gnueabihf
115 silly reify mark deleted [
115 silly reify   '/Users/paulkillgus/Desktop/Seitenheld Messe/leadcap/node_modules/@unrs/resolver-binding-linux-arm-gnueabihf'
115 silly reify ]
116 verbose reify failed optional dependency /Users/paulkillgus/Desktop/Seitenheld Messe/leadcap/node_modules/@unrs/resolver-binding-freebsd-x64
117 silly reify mark deleted [
117 silly reify   '/Users/paulkillgus/Desktop/Seitenheld Messe/leadcap/node_modules/@unrs/resolver-binding-freebsd-x64'
117 silly reify ]
118 verbose reify failed optional dependency /Users/paulkillgus/Desktop/Seitenheld Messe/leadcap/node_modules/@unrs/resolver-binding-darwin-x64
119 silly reify mark deleted [
119 silly reify   '/Users/paulkillgus/Desktop/Seitenheld Messe/leadcap/node_modules/@unrs/resolver-binding-darwin-x64'
119 silly reify ]
120 verbose reify failed optional dependency /Users/paulkillgus/Desktop/Seitenheld Messe/leadcap/node_modules/@unrs/resolver-binding-android-arm64
121 silly reify mark deleted [
121 silly reify   '/Users/paulkillgus/Desktop/Seitenheld Messe/leadcap/node_modules/@unrs/resolver-binding-android-arm64'
121 silly reify ]
122 verbose reify failed optional dependency /Users/paulkillgus/Desktop/Seitenheld Messe/leadcap/node_modules/@unrs/resolver-binding-android-arm-eabi
123 silly reify mark deleted [
123 silly reify   '/Users/paulkillgus/Desktop/Seitenheld Messe/leadcap/node_modules/@unrs/resolver-binding-android-arm-eabi'
123 silly reify ]
124 verbose reify failed optional dependency /Users/paulkillgus/Desktop/Seitenheld Messe/leadcap/node_modules/@tailwindcss/oxide-win32-x64-msvc
125 silly reify mark deleted [
125 silly reify   '/Users/paulkillgus/Desktop/Seitenheld Messe/leadcap/node_modules/@tailwindcss/oxide-win32-x64-msvc'
125 silly reify ]
126 verbose reify failed optional dependency /Users/paulkillgus/Desktop/Seitenheld Messe/leadcap/node_modules/@tailwindcss/oxide-win32-arm64-msvc
127 silly reify mark deleted [
127 silly reify   '/Users/paulkillgus/Desktop/Seitenheld Messe/leadcap/node_modules/@tailwindcss/oxide-win32-arm64-msvc'
127 silly reify ]
128 verbose reify failed optional dependency /Users/paulkillgus/Desktop/Seitenheld Messe/leadcap/node_modules/@tailwindcss/oxide-linux-x64-musl
129 silly reify mark deleted [
129 silly reify   '/Users/paulkillgus/Desktop/Seitenheld Messe/leadcap/node_modules/@tailwindcss/oxide-linux-x64-musl'
129 silly reify ]
130 verbose reify failed optional dependency /Users/paulkillgus/Desktop/Seitenheld Messe/leadcap/node_modules/@tailwindcss/oxide-linux-x64-gnu
131 silly reify mark deleted [
131 silly reify   '/Users/paulkillgus/Desktop/Seitenheld Messe/leadcap/node_modules/@tailwindcss/oxide-linux-x64-gnu'
131 silly reify ]
132 verbose reify failed optional dependency /Users/paulkillgus/Desktop/Seitenheld Messe/leadcap/node_modules/@tailwindcss/oxide-linux-arm64-musl
133 silly reify mark deleted [
133 silly reify   '/Users/paulkillgus/Desktop/Seitenheld Messe/leadcap/node_modules/@tailwindcss/oxide-linux-arm64-musl'
133 silly reify ]
134 verbose reify failed optional dependency /Users/paulkillgus/Desktop/Seitenheld Messe/leadcap/node_modules/@tailwindcss/oxide-linux-arm64-gnu
135 silly reify mark deleted [
135 silly reify   '/Users/paulkillgus/Desktop/Seitenheld Messe/leadcap/node_modules/@tailwindcss/oxide-linux-arm64-gnu'
135 silly reify ]
136 verbose reify failed optional dependency /Users/paulkillgus/Desktop/Seitenheld Messe/leadcap/node_modules/@tailwindcss/oxide-linux-arm-gnueabihf
137 silly reify mark deleted [
137 silly reify   '/Users/paulkillgus/Desktop/Seitenheld Messe/leadcap/node_modules/@tailwindcss/oxide-linux-arm-gnueabihf'
137 silly reify ]
138 verbose reify failed optional dependency /Users/paulkillgus/Desktop/Seitenheld Messe/leadcap/node_modules/@tailwindcss/oxide-freebsd-x64
139 silly reify mark deleted [
139 silly reify   '/Users/paulkillgus/Desktop/Seitenheld Messe/leadcap/node_modules/@tailwindcss/oxide-freebsd-x64'
139 silly reify ]
140 verbose reify failed optional dependency /Users/paulkillgus/Desktop/Seitenheld Messe/leadcap/node_modules/@tailwindcss/oxide-darwin-x64
141 silly reify mark deleted [
141 silly reify   '/Users/paulkillgus/Desktop/Seitenheld Messe/leadcap/node_modules/@tailwindcss/oxide-darwin-x64'
141 silly reify ]
142 verbose reify failed optional dependency /Users/paulkillgus/Desktop/Seitenheld Messe/leadcap/node_modules/@tailwindcss/oxide-android-arm64
143 silly reify mark deleted [
143 silly reify   '/Users/paulkillgus/Desktop/Seitenheld Messe/leadcap/node_modules/@tailwindcss/oxide-android-arm64'
143 silly reify ]
144 verbose reify failed optional dependency /Users/paulkillgus/Desktop/Seitenheld Messe/leadcap/node_modules/@next/swc-win32-x64-msvc
145 silly reify mark deleted [
145 silly reify   '/Users/paulkillgus/Desktop/Seitenheld Messe/leadcap/node_modules/@next/swc-win32-x64-msvc'
145 silly reify ]
146 verbose reify failed optional dependency /Users/paulkillgus/Desktop/Seitenheld Messe/leadcap/node_modules/@next/swc-win32-arm64-msvc
147 silly reify mark deleted [
147 silly reify   '/Users/paulkillgus/Desktop/Seitenheld Messe/leadcap/node_modules/@next/swc-win32-arm64-msvc'
147 silly reify ]
148 verbose reify failed optional dependency /Users/paulkillgus/Desktop/Seitenheld Messe/leadcap/node_modules/@next/swc-linux-x64-musl
149 silly reify mark deleted [
149 silly reify   '/Users/paulkillgus/Desktop/Seitenheld Messe/leadcap/node_modules/@next/swc-linux-x64-musl'
149 silly reify ]
150 verbose reify failed optional dependency /Users/paulkillgus/Desktop/Seitenheld Messe/leadcap/node_modules/@next/swc-linux-x64-gnu
151 silly reify mark deleted [
151 silly reify   '/Users/paulkillgus/Desktop/Seitenheld Messe/leadcap/node_modules/@next/swc-linux-x64-gnu'
151 silly reify ]
152 verbose reify failed optional dependency /Users/paulkillgus/Desktop/Seitenheld Messe/leadcap/node_modules/@next/swc-linux-arm64-musl
153 silly reify mark deleted [
153 silly reify   '/Users/paulkillgus/Desktop/Seitenheld Messe/leadcap/node_modules/@next/swc-linux-arm64-musl'
153 silly reify ]
154 verbose reify failed optional dependency /Users/paulkillgus/Desktop/Seitenheld Messe/leadcap/node_modules/@next/swc-linux-arm64-gnu
155 silly reify mark deleted [
155 silly reify   '/Users/paulkillgus/Desktop/Seitenheld Messe/leadcap/node_modules/@next/swc-linux-arm64-gnu'
155 silly reify ]
156 verbose reify failed optional dependency /Users/paulkillgus/Desktop/Seitenheld Messe/leadcap/node_modules/@next/swc-darwin-x64
157 silly reify mark deleted [
157 silly reify   '/Users/paulkillgus/Desktop/Seitenheld Messe/leadcap/node_modules/@next/swc-darwin-x64'
157 silly reify ]
158 verbose reify failed optional dependency /Users/paulkillgus/Desktop/Seitenheld Messe/leadcap/node_modules/@img/sharp-win32-x64
159 silly reify mark deleted [
159 silly reify   '/Users/paulkillgus/Desktop/Seitenheld Messe/leadcap/node_modules/@img/sharp-win32-x64'
159 silly reify ]
160 verbose reify failed optional dependency /Users/paulkillgus/Desktop/Seitenheld Messe/leadcap/node_modules/@img/sharp-win32-ia32
161 silly reify mark deleted [
161 silly reify   '/Users/paulkillgus/Desktop/Seitenheld Messe/leadcap/node_modules/@img/sharp-win32-ia32'
161 silly reify ]
162 verbose reify failed optional dependency /Users/paulkillgus/Desktop/Seitenheld Messe/leadcap/node_modules/@img/sharp-win32-arm64
163 silly reify mark deleted [
163 silly reify   '/Users/paulkillgus/Desktop/Seitenheld Messe/leadcap/node_modules/@img/sharp-win32-arm64'
163 silly reify ]
164 verbose reify failed optional dependency /Users/paulkillgus/Desktop/Seitenheld Messe/leadcap/node_modules/@img/sharp-wasm32
165 silly reify mark deleted [
165 silly reify   '/Users/paulkillgus/Desktop/Seitenheld Messe/leadcap/node_modules/@img/sharp-wasm32'
165 silly reify ]
166 verbose reify failed optional dependency /Users/paulkillgus/Desktop/Seitenheld Messe/leadcap/node_modules/@img/sharp-linuxmusl-x64
167 silly reify mark deleted [
167 silly reify   '/Users/paulkillgus/Desktop/Seitenheld Messe/leadcap/node_modules/@img/sharp-linuxmusl-x64'
167 silly reify ]
168 verbose reify failed optional dependency /Users/paulkillgus/Desktop/Seitenheld Messe/leadcap/node_modules/@img/sharp-linuxmusl-arm64
169 silly reify mark deleted [
169 silly reify   '/Users/paulkillgus/Desktop/Seitenheld Messe/leadcap/node_modules/@img/sharp-linuxmusl-arm64'
169 silly reify ]
170 verbose reify failed optional dependency /Users/paulkillgus/Desktop/Seitenheld Messe/leadcap/node_modules/@img/sharp-linux-x64
171 silly reify mark deleted [
171 silly reify   '/Users/paulkillgus/Desktop/Seitenheld Messe/leadcap/node_modules/@img/sharp-linux-x64'
171 silly reify ]
172 verbose reify failed optional dependency /Users/paulkillgus/Desktop/Seitenheld Messe/leadcap/node_modules/@img/sharp-linux-s390x
173 silly reify mark deleted [
173 silly reify   '/Users/paulkillgus/Desktop/Seitenheld Messe/leadcap/node_modules/@img/sharp-linux-s390x'
173 silly reify ]
174 verbose reify failed optional dependency /Users/paulkillgus/Desktop/Seitenheld Messe/leadcap/node_modules/@img/sharp-linux-riscv64
175 silly reify mark deleted [
175 silly reify   '/Users/paulkillgus/Desktop/Seitenheld Messe/leadcap/node_modules/@img/sharp-linux-riscv64'
175 silly reify ]
176 verbose reify failed optional dependency /Users/paulkillgus/Desktop/Seitenheld Messe/leadcap/node_modules/@img/sharp-linux-ppc64
177 silly reify mark deleted [
177 silly reify   '/Users/paulkillgus/Desktop/Seitenheld Messe/leadcap/node_modules/@img/sharp-linux-ppc64'
177 silly reify ]
178 verbose reify failed optional dependency /Users/paulkillgus/Desktop/Seitenheld Messe/leadcap/node_modules/@img/sharp-linux-arm64
179 silly reify mark deleted [
179 silly reify   '/Users/paulkillgus/Desktop/Seitenheld Messe/leadcap/node_modules/@img/sharp-linux-arm64'
179 silly reify ]
180 verbose reify failed optional dependency /Users/paulkillgus/Desktop/Seitenheld Messe/leadcap/node_modules/@img/sharp-linux-arm
181 silly reify mark deleted [
181 silly reify   '/Users/paulkillgus/Desktop/Seitenheld Messe/leadcap/node_modules/@img/sharp-linux-arm'
181 silly reify ]
182 verbose reify failed optional dependency /Users/paulkillgus/Desktop/Seitenheld Messe/leadcap/node_modules/@img/sharp-libvips-linuxmusl-x64
183 silly reify mark deleted [
183 silly reify   '/Users/paulkillgus/Desktop/Seitenheld Messe/leadcap/node_modules/@img/sharp-libvips-linuxmusl-x64'
183 silly reify ]
184 verbose reify failed optional dependency /Users/paulkillgus/Desktop/Seitenheld Messe/leadcap/node_modules/@img/sharp-libvips-linuxmusl-arm64
185 silly reify mark deleted [
185 silly reify   '/Users/paulkillgus/Desktop/Seitenheld Messe/leadcap/node_modules/@img/sharp-libvips-linuxmusl-arm64'
185 silly reify ]
186 verbose reify failed optional dependency /Users/paulkillgus/Desktop/Seitenheld Messe/leadcap/node_modules/@img/sharp-libvips-linux-x64
187 silly reify mark deleted [
187 silly reify   '/Users/paulkillgus/Desktop/Seitenheld Messe/leadcap/node_modules/@img/sharp-libvips-linux-x64'
187 silly reify ]
188 verbose reify failed optional dependency /Users/paulkillgus/Desktop/Seitenheld Messe/leadcap/node_modules/@img/sharp-libvips-linux-s390x
189 silly reify mark deleted [
189 silly reify   '/Users/paulkillgus/Desktop/Seitenheld Messe/leadcap/node_modules/@img/sharp-libvips-linux-s390x'
189 silly reify ]
190 verbose reify failed optional dependency /Users/paulkillgus/Desktop/Seitenheld Messe/leadcap/node_modules/@img/sharp-libvips-linux-riscv64
191 silly reify mark deleted [
191 silly reify   '/Users/paulkillgus/Desktop/Seitenheld Messe/leadcap/node_modules/@img/sharp-libvips-linux-riscv64'
191 silly reify ]
192 verbose reify failed optional dependency /Users/paulkillgus/Desktop/Seitenheld Messe/leadcap/node_modules/@img/sharp-libvips-linux-ppc64
193 silly reify mark deleted [
193 silly reify   '/Users/paulkillgus/Desktop/Seitenheld Messe/leadcap/node_modules/@img/sharp-libvips-linux-ppc64'
193 silly reify ]
194 verbose reify failed optional dependency /Users/paulkillgus/Desktop/Seitenheld Messe/leadcap/node_modules/@img/sharp-libvips-linux-arm64
195 silly reify mark deleted [
195 silly reify   '/Users/paulkillgus/Desktop/Seitenheld Messe/leadcap/node_modules/@img/sharp-libvips-linux-arm64'
195 silly reify ]
196 verbose reify failed optional dependency /Users/paulkillgus/Desktop/Seitenheld Messe/leadcap/node_modules/@img/sharp-libvips-linux-arm
197 silly reify mark deleted [
197 silly reify   '/Users/paulkillgus/Desktop/Seitenheld Messe/leadcap/node_modules/@img/sharp-libvips-linux-arm'
197 silly reify ]
198 verbose reify failed optional dependency /Users/paulkillgus/Desktop/Seitenheld Messe/leadcap/node_modules/@img/sharp-libvips-darwin-x64
199 silly reify mark deleted [
199 silly reify   '/Users/paulkillgus/Desktop/Seitenheld Messe/leadcap/node_modules/@img/sharp-libvips-darwin-x64'
199 silly reify ]
200 verbose reify failed optional dependency /Users/paulkillgus/Desktop/Seitenheld Messe/leadcap/node_modules/@img/sharp-darwin-x64
201 silly reify mark deleted [
201 silly reify   '/Users/paulkillgus/Desktop/Seitenheld Messe/leadcap/node_modules/@img/sharp-darwin-x64'
201 silly reify ]
202 http cache @radix-ui/react-slot@https://registry.npmjs.org/@radix-ui/react-slot/-/react-slot-1.2.3.tgz 0ms (cache hit)
203 http cache @radix-ui/react-dialog@https://registry.npmjs.org/@radix-ui/react-dialog/-/react-dialog-1.1.15.tgz 0ms (cache hit)
204 http cache @radix-ui/react-primitive@https://registry.npmjs.org/@radix-ui/react-primitive/-/react-primitive-2.1.3.tgz 0ms (cache hit)
205 http cache @radix-ui/react-presence@https://registry.npmjs.org/@radix-ui/react-presence/-/react-presence-1.1.5.tgz 0ms (cache hit)
206 silly tarball no local data for @radix-ui/react-dialog@https://registry.npmjs.org/@radix-ui/react-dialog/-/react-dialog-1.1.15.tgz. Extracting by manifest.
207 silly tarball no local data for @radix-ui/react-presence@https://registry.npmjs.org/@radix-ui/react-presence/-/react-presence-1.1.5.tgz. Extracting by manifest.
208 http fetch GET 200 https://registry.npmjs.org/@radix-ui/react-presence/-/react-presence-1.1.5.tgz 66ms (cache miss)
209 http fetch GET 200 https://registry.npmjs.org/@radix-ui/react-dialog/-/react-dialog-1.1.15.tgz 83ms (cache miss)
210 http fetch POST 200 https://registry.npmjs.org/-/npm/v1/security/advisories/bulk 249ms
211 silly audit report {}
212 silly ADD node_modules/@radix-ui/react-presence
213 silly ADD node_modules/@radix-ui/react-dialog
214 silly ADD node_modules/@radix-ui/react-dialog/node_modules/@radix-ui/react-slot
215 silly ADD node_modules/@radix-ui/react-dialog/node_modules/@radix-ui/react-primitive
216 silly ADD
217 silly ADD
218 silly ADD
219 silly ADD
220 silly ADD
221 silly ADD
222 silly ADD
223 silly ADD
224 silly ADD
225 silly ADD
226 silly ADD
227 silly ADD
228 silly ADD
229 silly ADD
230 silly ADD
231 silly ADD
232 silly ADD
233 silly ADD
234 silly ADD
235 silly ADD
236 silly ADD
237 silly ADD
238 silly ADD
239 silly ADD
240 silly ADD
241 silly ADD
242 silly ADD
243 silly ADD
244 silly ADD
245 silly ADD
246 silly ADD
247 silly ADD
248 silly ADD
249 silly ADD
250 silly ADD
251 silly ADD
252 silly ADD
253 silly ADD
254 silly ADD
255 silly ADD
256 silly ADD
257 silly ADD
258 silly ADD
259 silly ADD
260 silly ADD
261 silly ADD
262 silly ADD
263 silly ADD
264 silly ADD
265 silly ADD
266 silly ADD
267 silly ADD
268 silly ADD
269 silly ADD
270 silly ADD
271 silly ADD
272 silly ADD
273 silly ADD
274 silly ADD
275 silly ADD
276 silly ADD
277 silly ADD
278 silly ADD
279 silly ADD
280 silly ADD
281 silly ADD
282 silly ADD
283 silly ADD
284 verbose cwd /Users/paulkillgus/Desktop/Seitenheld Messe/leadcap
285 verbose os Darwin 24.3.0
286 verbose node v23.11.0
287 verbose npm  v10.9.2
288 verbose exit 0
289 info ok
