0 verbose cli /Users/paulkillgus/.nvm/versions/node/v23.11.0/bin/node /Users/paulkillgus/.nvm/versions/node/v23.11.0/bin/npm
1 info using npm@10.9.2
2 info using node@v23.11.0
3 silly config load:file:/Users/paulkillgus/.nvm/versions/node/v23.11.0/lib/node_modules/npm/npmrc
4 silly config load:file:/Users/paulkillgus/Desktop/Seitenheld Messe/leadcap/.npmrc
5 silly config load:file:/Users/paulkillgus/.npmrc
6 silly config load:file:/Users/paulkillgus/.nvm/versions/node/v23.11.0/etc/npmrc
7 verbose title npm install @radix-ui/react-checkbox
8 verbose argv "install" "@radix-ui/react-checkbox"
9 verbose logfile logs-max:10 dir:/Users/paulkillgus/Desktop/Seitenheld Messe/leadcap/.npm-cache/_logs/2026-01-07T10_51_57_063Z-
10 verbose logfile /Users/paulkillgus/Desktop/Seitenheld Messe/leadcap/.npm-cache/_logs/2026-01-07T10_51_57_063Z-debug-0.log
11 silly logfile done cleaning log files
12 silly packumentCache heap:2197815296 maxSize:549453824 maxEntrySize:274726912
13 silly idealTree buildDeps
14 silly fetch manifest @radix-ui/react-checkbox@*
15 silly packumentCache full:https://registry.npmjs.org/@radix-ui%2freact-checkbox cache-miss
16 http fetch GET 200 https://registry.npmjs.org/@radix-ui%2freact-checkbox 257ms (cache miss)
17 silly packumentCache full:https://registry.npmjs.org/@radix-ui%2freact-checkbox set size:undefined disposed:false
18 silly fetch manifest @types/react@^19
19 silly packumentCache full:https://registry.npmjs.org/@types%2freact cache-miss
20 http cache https://registry.npmjs.org/@types%2freact 8ms (cache hit)
21 silly packumentCache full:https://registry.npmjs.org/@types%2freact set size:2541992 disposed:false
22 silly fetch manifest @types/react-dom@^19
23 silly packumentCache full:https://registry.npmjs.org/@types%2freact-dom cache-miss
24 http cache https://registry.npmjs.org/@types%2freact-dom 3ms (cache hit)
25 silly packumentCache full:https://registry.npmjs.org/@types%2freact-dom set size:429026 disposed:false
26 silly fetch manifest react@19.2.3
27 silly packumentCache full:https://registry.npmjs.org/react cache-miss
28 http cache https://registry.npmjs.org/react 9ms (cache hit)
29 silly packumentCache full:https://registry.npmjs.org/react set size:6362621 disposed:false
30 silly fetch manifest react-dom@19.2.3
31 silly packumentCache full:https://registry.npmjs.org/react-dom cache-miss
32 http cache https://registry.npmjs.org/react-dom 11ms (cache hit)
33 silly packumentCache full:https://registry.npmjs.org/react-dom set size:8375290 disposed:false
34 silly placeDep ROOT @radix-ui/react-checkbox@1.3.3 OK for: leadcap@0.1.0 want: *
35 silly fetch manifest @radix-ui/react-primitive@2.1.3
36 silly packumentCache full:https://registry.npmjs.org/@radix-ui%2freact-primitive cache-miss
37 http cache https://registry.npmjs.org/@radix-ui%2freact-primitive 3ms (cache hit)
38 silly packumentCache full:https://registry.npmjs.org/@radix-ui%2freact-primitive set size:595809 disposed:false
39 silly fetch manifest @types/react@*
40 silly packumentCache full:https://registry.npmjs.org/@types%2freact cache-miss
41 http cache https://registry.npmjs.org/@types%2freact 4ms (cache hit)
42 silly packumentCache full:https://registry.npmjs.org/@types%2freact set size:2541992 disposed:false
43 silly fetch manifest @types/react-dom@*
44 silly packumentCache full:https://registry.npmjs.org/@types%2freact-dom cache-hit
45 silly fetch manifest react@^16.8 || ^17.0 || ^18.0 || ^19.0 || ^19.0.0-rc
46 silly packumentCache full:https://registry.npmjs.org/react cache-miss
47 http cache https://registry.npmjs.org/react 8ms (cache hit)
48 silly packumentCache full:https://registry.npmjs.org/react set size:6362621 disposed:false
49 silly fetch manifest react-dom@^16.8 || ^17.0 || ^18.0 || ^19.0 || ^19.0.0-rc
50 silly packumentCache full:https://registry.npmjs.org/react-dom cache-miss
51 http cache https://registry.npmjs.org/react-dom 11ms (cache hit)
52 silly packumentCache full:https://registry.npmjs.org/react-dom set size:8375290 disposed:false
53 silly placeDep node_modules/@radix-ui/react-checkbox @radix-ui/react-primitive@2.1.3 OK for: @radix-ui/react-checkbox@1.3.3 want: 2.1.3
54 silly fetch manifest @radix-ui/react-slot@1.2.3
55 silly packumentCache full:https://registry.npmjs.org/@radix-ui%2freact-slot cache-miss
56 http cache https://registry.npmjs.org/@radix-ui%2freact-slot 4ms (cache hit)
57 silly packumentCache full:https://registry.npmjs.org/@radix-ui%2freact-slot set size:387271 disposed:false
58 silly placeDep node_modules/@radix-ui/react-checkbox @radix-ui/react-slot@1.2.3 OK for: @radix-ui/react-primitive@2.1.3 want: 1.2.3
59 silly reify moves {}
60 verbose reify failed optional dependency /Users/paulkillgus/Desktop/Seitenheld Messe/leadcap/node_modules/@tailwindcss/oxide-wasm32-wasi
61 silly reify mark deleted [
61 silly reify   '/Users/paulkillgus/Desktop/Seitenheld Messe/leadcap/node_modules/@tailwindcss/oxide-wasm32-wasi'
61 silly reify ]
62 silly audit bulk request {
62 silly audit   '@alloc/quick-lru': [ '5.2.0' ],
62 silly audit   '@babel/code-frame': [ '7.27.1' ],
62 silly audit   '@babel/compat-data': [ '7.28.5' ],
62 silly audit   '@babel/core': [ '7.28.5' ],
62 silly audit   '@babel/generator': [ '7.28.5' ],
62 silly audit   '@babel/helper-compilation-targets': [ '7.27.2' ],
62 silly audit   '@babel/helper-globals': [ '7.28.0' ],
62 silly audit   '@babel/helper-module-imports': [ '7.27.1' ],
62 silly audit   '@babel/helper-module-transforms': [ '7.28.3' ],
62 silly audit   '@babel/helper-string-parser': [ '7.27.1' ],
62 silly audit   '@babel/helper-validator-identifier': [ '7.28.5' ],
62 silly audit   '@babel/helper-validator-option': [ '7.27.1' ],
62 silly audit   '@babel/helpers': [ '7.28.4' ],
62 silly audit   '@babel/parser': [ '7.28.5' ],
62 silly audit   '@babel/template': [ '7.27.2' ],
62 silly audit   '@babel/traverse': [ '7.28.5' ],
62 silly audit   '@babel/types': [ '7.28.5' ],
62 silly audit   '@emnapi/core': [ '1.8.1' ],
62 silly audit   '@emnapi/runtime': [ '1.8.1' ],
62 silly audit   '@emnapi/wasi-threads': [ '1.1.0' ],
62 silly audit   '@eslint-community/eslint-utils': [ '4.9.1' ],
62 silly audit   'eslint-visitor-keys': [ '3.4.3', '4.2.1' ],
62 silly audit   '@eslint-community/regexpp': [ '4.12.2' ],
62 silly audit   '@eslint/config-array': [ '0.21.1' ],
62 silly audit   '@eslint/config-helpers': [ '0.4.2' ],
62 silly audit   '@eslint/core': [ '0.17.0' ],
62 silly audit   '@eslint/eslintrc': [ '3.3.3' ],
62 silly audit   '@eslint/js': [ '9.39.2' ],
62 silly audit   '@eslint/object-schema': [ '2.1.7' ],
62 silly audit   '@eslint/plugin-kit': [ '0.4.1' ],
62 silly audit   '@floating-ui/core': [ '1.7.3' ],
62 silly audit   '@floating-ui/dom': [ '1.7.4' ],
62 silly audit   '@floating-ui/react-dom': [ '2.1.6' ],
62 silly audit   '@floating-ui/utils': [ '0.2.10' ],
62 silly audit   '@hookform/resolvers': [ '5.2.2' ],
62 silly audit   '@humanfs/core': [ '0.19.1' ],
62 silly audit   '@humanfs/node': [ '0.16.7' ],
62 silly audit   '@humanwhocodes/module-importer': [ '1.0.1' ],
62 silly audit   '@humanwhocodes/retry': [ '0.4.3' ],
62 silly audit   '@img/colour': [ '1.0.0' ],
62 silly audit   '@img/sharp-darwin-arm64': [ '0.34.5' ],
62 silly audit   '@img/sharp-darwin-x64': [ '0.34.5' ],
62 silly audit   '@img/sharp-libvips-darwin-arm64': [ '1.2.4' ],
62 silly audit   '@img/sharp-libvips-darwin-x64': [ '1.2.4' ],
62 silly audit   '@img/sharp-libvips-linux-arm': [ '1.2.4' ],
62 silly audit   '@img/sharp-libvips-linux-arm64': [ '1.2.4' ],
62 silly audit   '@img/sharp-libvips-linux-ppc64': [ '1.2.4' ],
62 silly audit   '@img/sharp-libvips-linux-riscv64': [ '1.2.4' ],
62 silly audit   '@img/sharp-libvips-linux-s390x': [ '1.2.4' ],
62 silly audit   '@img/sharp-libvips-linux-x64': [ '1.2.4' ],
62 silly audit   '@img/sharp-libvips-linuxmusl-arm64': [ '1.2.4' ],
62 silly audit   '@img/sharp-libvips-linuxmusl-x64': [ '1.2.4' ],
62 silly audit   '@img/sharp-linux-arm': [ '0.34.5' ],
62 silly audit   '@img/sharp-linux-arm64': [ '0.34.5' ],
62 silly audit   '@img/sharp-linux-ppc64': [ '0.34.5' ],
62 silly audit   '@img/sharp-linux-riscv64': [ '0.34.5' ],
62 silly audit   '@img/sharp-linux-s390x': [ '0.34.5' ],
62 silly audit   '@img/sharp-linux-x64': [ '0.34.5' ],
62 silly audit   '@img/sharp-linuxmusl-arm64': [ '0.34.5' ],
62 silly audit   '@img/sharp-linuxmusl-x64': [ '0.34.5' ],
62 silly audit   '@img/sharp-wasm32': [ '0.34.5' ],
62 silly audit   '@img/sharp-win32-arm64': [ '0.34.5' ],
62 silly audit   '@img/sharp-win32-ia32': [ '0.34.5' ],
62 silly audit   '@img/sharp-win32-x64': [ '0.34.5' ],
62 silly audit   '@jridgewell/gen-mapping': [ '0.3.13' ],
62 silly audit   '@jridgewell/remapping': [ '2.3.5' ],
62 silly audit   '@jridgewell/resolve-uri': [ '3.1.2' ],
62 silly audit   '@jridgewell/sourcemap-codec': [ '1.5.5' ],
62 silly audit   '@jridgewell/trace-mapping': [ '0.3.31' ],
62 silly audit   '@napi-rs/wasm-runtime': [ '0.2.12' ],
62 silly audit   '@next/env': [ '16.1.1' ],
62 silly audit   '@next/eslint-plugin-next': [ '16.1.1' ],
62 silly audit   '@next/swc-darwin-arm64': [ '16.1.1' ],
62 silly audit   '@next/swc-darwin-x64': [ '16.1.1' ],
62 silly audit   '@next/swc-linux-arm64-gnu': [ '16.1.1' ],
62 silly audit   '@next/swc-linux-arm64-musl': [ '16.1.1' ],
62 silly audit   '@next/swc-linux-x64-gnu': [ '16.1.1' ],
62 silly audit   '@next/swc-linux-x64-musl': [ '16.1.1' ],
62 silly audit   '@next/swc-win32-arm64-msvc': [ '16.1.1' ],
62 silly audit   '@next/swc-win32-x64-msvc': [ '16.1.1' ],
62 silly audit   '@nodelib/fs.scandir': [ '2.1.5' ],
62 silly audit   '@nodelib/fs.stat': [ '2.0.5' ],
62 silly audit   '@nodelib/fs.walk': [ '1.2.8' ],
62 silly audit   '@nolyfill/is-core-module': [ '1.0.39' ],
62 silly audit   '@radix-ui/number': [ '1.1.1' ],
62 silly audit   '@radix-ui/primitive': [ '1.1.3' ],
62 silly audit   '@radix-ui/react-arrow': [ '1.1.7' ],
62 silly audit   '@radix-ui/react-primitive': [ '2.1.3', '2.1.4' ],
62 silly audit   '@radix-ui/react-slot': [ '1.2.3', '1.2.4' ],
62 silly audit   '@radix-ui/react-collection': [ '1.1.7' ],
62 silly audit   '@radix-ui/react-compose-refs': [ '1.1.2' ],
62 silly audit   '@radix-ui/react-context': [ '1.1.2' ],
62 silly audit   '@radix-ui/react-dialog': [ '1.1.15' ],
62 silly audit   '@radix-ui/react-direction': [ '1.1.1' ],
62 silly audit   '@radix-ui/react-dismissable-layer': [ '1.1.11' ],
62 silly audit   '@radix-ui/react-focus-guards': [ '1.1.3' ],
62 silly audit   '@radix-ui/react-focus-scope': [ '1.1.7' ],
62 silly audit   '@radix-ui/react-id': [ '1.1.1' ],
62 silly audit   '@radix-ui/react-label': [ '2.1.8' ],
62 silly audit   '@radix-ui/react-popper': [ '1.2.8' ],
62 silly audit   '@radix-ui/react-portal': [ '1.1.9' ],
62 silly audit   '@radix-ui/react-presence': [ '1.1.5' ],
62 silly audit   '@radix-ui/react-select': [ '2.2.6' ],
62 silly audit   '@radix-ui/react-use-callback-ref': [ '1.1.1' ],
62 silly audit   '@radix-ui/react-use-controllable-state': [ '1.2.2' ],
62 silly audit   '@radix-ui/react-use-effect-event': [ '0.0.2' ],
62 silly audit   '@radix-ui/react-use-escape-keydown': [ '1.1.1' ],
62 silly audit   '@radix-ui/react-use-layout-effect': [ '1.1.1' ],
62 silly audit   '@radix-ui/react-use-previous': [ '1.1.1' ],
62 silly audit   '@radix-ui/react-use-rect': [ '1.1.1' ],
62 silly audit   '@radix-ui/react-use-size': [ '1.1.1' ],
62 silly audit   '@radix-ui/react-visually-hidden': [ '1.2.3' ],
62 silly audit   '@radix-ui/rect': [ '1.1.1' ],
62 silly audit   '@rtsao/scc': [ '1.1.0' ],
62 silly audit   '@standard-schema/utils': [ '0.3.0' ],
62 silly audit   '@supabase/auth-helpers-nextjs': [ '0.15.0' ],
62 silly audit   '@supabase/auth-js': [ '2.89.0' ],
62 silly audit   '@supabase/functions-js': [ '2.89.0' ],
62 silly audit   '@supabase/postgrest-js': [ '2.89.0' ],
62 silly audit   '@supabase/realtime-js': [ '2.89.0' ],
62 silly audit   '@supabase/ssr': [ '0.8.0' ],
62 silly audit   '@supabase/storage-js': [ '2.89.0' ],
62 silly audit   '@supabase/supabase-js': [ '2.89.0' ],
62 silly audit   '@swc/helpers': [ '0.5.15' ],
62 silly audit   '@tailwindcss/node': [ '4.1.18' ],
62 silly audit   '@tailwindcss/oxide': [ '4.1.18' ],
62 silly audit   '@tailwindcss/oxide-android-arm64': [ '4.1.18' ],
62 silly audit   '@tailwindcss/oxide-darwin-arm64': [ '4.1.18' ],
62 silly audit   '@tailwindcss/oxide-darwin-x64': [ '4.1.18' ],
62 silly audit   '@tailwindcss/oxide-freebsd-x64': [ '4.1.18' ],
62 silly audit   '@tailwindcss/oxide-linux-arm-gnueabihf': [ '4.1.18' ],
62 silly audit   '@tailwindcss/oxide-linux-arm64-gnu': [ '4.1.18' ],
62 silly audit   '@tailwindcss/oxide-linux-arm64-musl': [ '4.1.18' ],
62 silly audit   '@tailwindcss/oxide-linux-x64-gnu': [ '4.1.18' ],
62 silly audit   '@tailwindcss/oxide-linux-x64-musl': [ '4.1.18' ],
62 silly audit   '@tailwindcss/oxide-win32-arm64-msvc': [ '4.1.18' ],
62 silly audit   '@tailwindcss/oxide-win32-x64-msvc': [ '4.1.18' ],
62 silly audit   '@tailwindcss/postcss': [ '4.1.18' ],
62 silly audit   '@tybys/wasm-util': [ '0.10.1' ],
62 silly audit   '@types/estree': [ '1.0.8' ],
62 silly audit   '@types/json-schema': [ '7.0.15' ],
62 silly audit   '@types/json5': [ '0.0.29' ],
62 silly audit   '@types/node': [ '20.19.27' ],
62 silly audit   '@types/phoenix': [ '1.6.7' ],
62 silly audit   '@types/react': [ '19.2.7' ],
62 silly audit   '@types/react-dom': [ '19.2.3' ],
62 silly audit   '@types/ws': [ '8.18.1' ],
62 silly audit   '@typescript-eslint/eslint-plugin': [ '8.52.0' ],
62 silly audit   ignore: [ '7.0.5', '5.3.2' ],
62 silly audit   '@typescript-eslint/parser': [ '8.52.0' ],
62 silly audit   '@typescript-eslint/project-service': [ '8.52.0' ],
62 silly audit   '@typescript-eslint/scope-manager': [ '8.52.0' ],
62 silly audit   '@typescript-eslint/tsconfig-utils': [ '8.52.0' ],
62 silly audit   '@typescript-eslint/type-utils': [ '8.52.0' ],
62 silly audit   '@typescript-eslint/types': [ '8.52.0' ],
62 silly audit   '@typescript-eslint/typescript-estree': [ '8.52.0' ],
62 silly audit   'brace-expansion': [ '2.0.2', '1.1.12' ],
62 silly audit   minimatch: [ '9.0.5', '3.1.2' ],
62 silly audit   semver: [ '7.7.3', '6.3.1' ],
62 silly audit   '@typescript-eslint/utils': [ '8.52.0' ],
62 silly audit   '@typescript-eslint/visitor-keys': [ '8.52.0' ],
62 silly audit   '@unrs/resolver-binding-android-arm-eabi': [ '1.11.1' ],
62 silly audit   '@unrs/resolver-binding-android-arm64': [ '1.11.1' ],
62 silly audit   '@unrs/resolver-binding-darwin-arm64': [ '1.11.1' ],
62 silly audit   '@unrs/resolver-binding-darwin-x64': [ '1.11.1' ],
62 silly audit   '@unrs/resolver-binding-freebsd-x64': [ '1.11.1' ],
62 silly audit   '@unrs/resolver-binding-linux-arm-gnueabihf': [ '1.11.1' ],
62 silly audit   '@unrs/resolver-binding-linux-arm-musleabihf': [ '1.11.1' ],
62 silly audit   '@unrs/resolver-binding-linux-arm64-gnu': [ '1.11.1' ],
62 silly audit   '@unrs/resolver-binding-linux-arm64-musl': [ '1.11.1' ],
62 silly audit   '@unrs/resolver-binding-linux-ppc64-gnu': [ '1.11.1' ],
62 silly audit   '@unrs/resolver-binding-linux-riscv64-gnu': [ '1.11.1' ],
62 silly audit   '@unrs/resolver-binding-linux-riscv64-musl': [ '1.11.1' ],
62 silly audit   '@unrs/resolver-binding-linux-s390x-gnu': [ '1.11.1' ],
62 silly audit   '@unrs/resolver-binding-linux-x64-gnu': [ '1.11.1' ],
62 silly audit   '@unrs/resolver-binding-linux-x64-musl': [ '1.11.1' ],
62 silly audit   '@unrs/resolver-binding-wasm32-wasi': [ '1.11.1' ],
62 silly audit   '@unrs/resolver-binding-win32-arm64-msvc': [ '1.11.1' ],
62 silly audit   '@unrs/resolver-binding-win32-ia32-msvc': [ '1.11.1' ],
62 silly audit   '@unrs/resolver-binding-win32-x64-msvc': [ '1.11.1' ],
62 silly audit   acorn: [ '8.15.0' ],
62 silly audit   'acorn-jsx': [ '5.3.2' ],
62 silly audit   ajv: [ '6.12.6' ],
62 silly audit   'ansi-styles': [ '4.3.0' ],
62 silly audit   argparse: [ '2.0.1' ],
62 silly audit   'aria-hidden': [ '1.2.6' ],
62 silly audit   'aria-query': [ '5.3.2' ],
62 silly audit   'array-buffer-byte-length': [ '1.0.2' ],
62 silly audit   'array-includes': [ '3.1.9' ],
62 silly audit   'array.prototype.findlast': [ '1.2.5' ],
62 silly audit   'array.prototype.findlastindex': [ '1.2.6' ],
62 silly audit   'array.prototype.flat': [ '1.3.3' ],
62 silly audit   'array.prototype.flatmap': [ '1.3.3' ],
62 silly audit   'array.prototype.tosorted': [ '1.1.4' ],
62 silly audit   'arraybuffer.prototype.slice': [ '1.0.4' ],
62 silly audit   'ast-types-flow': [ '0.0.8' ],
62 silly audit   'async-function': [ '1.0.0' ],
62 silly audit   'available-typed-arrays': [ '1.0.7' ],
62 silly audit   'axe-core': [ '4.11.1' ],
62 silly audit   'axobject-query': [ '4.1.0' ],
62 silly audit   'balanced-match': [ '1.0.2' ],
62 silly audit   'baseline-browser-mapping': [ '2.9.11' ],
62 silly audit   braces: [ '3.0.3' ],
62 silly audit   browserslist: [ '4.28.1' ],
62 silly audit   'call-bind': [ '1.0.8' ],
62 silly audit   'call-bind-apply-helpers': [ '1.0.2' ],
62 silly audit   'call-bound': [ '1.0.4' ],
62 silly audit   callsites: [ '3.1.0' ],
62 silly audit   'caniuse-lite': [ '1.0.30001762' ],
62 silly audit   chalk: [ '4.1.2' ],
62 silly audit   'class-variance-authority': [ '0.7.1' ],
62 silly audit   'client-only': [ '0.0.1' ],
62 silly audit   clsx: [ '2.1.1' ],
62 silly audit   'color-convert': [ '2.0.1' ],
62 silly audit   'color-name': [ '1.1.4' ],
62 silly audit   'concat-map': [ '0.0.1' ],
62 silly audit   'convert-source-map': [ '2.0.0' ],
62 silly audit   cookie: [ '1.1.1' ],
62 silly audit   'cross-spawn': [ '7.0.6' ],
62 silly audit   csstype: [ '3.2.3' ],
62 silly audit   'damerau-levenshtein': [ '1.0.8' ],
62 silly audit   'data-view-buffer': [ '1.0.2' ],
62 silly audit   'data-view-byte-length': [ '1.0.2' ],
62 silly audit   'data-view-byte-offset': [ '1.0.1' ],
62 silly audit   'date-fns': [ '4.1.0' ],
62 silly audit   debug: [ '4.4.3', '3.2.7' ],
62 silly audit   'deep-is': [ '0.1.4' ],
62 silly audit   'define-data-property': [ '1.1.4' ],
62 silly audit   'define-properties': [ '1.2.1' ],
62 silly audit   'detect-libc': [ '2.1.2' ],
62 silly audit   'detect-node-es': [ '1.1.0' ],
62 silly audit   doctrine: [ '2.1.0' ],
62 silly audit   'dunder-proto': [ '1.0.1' ],
62 silly audit   'electron-to-chromium': [ '1.5.267' ],
62 silly audit   'emoji-regex': [ '9.2.2' ],
62 silly audit   'enhanced-resolve': [ '5.18.4' ],
62 silly audit   'es-abstract': [ '1.24.1' ],
62 silly audit   'es-define-property': [ '1.0.1' ],
62 silly audit   'es-errors': [ '1.3.0' ],
62 silly audit   'es-iterator-helpers': [ '1.2.2' ],
62 silly audit   'es-object-atoms': [ '1.1.1' ],
62 silly audit   'es-set-tostringtag': [ '2.1.0' ],
62 silly audit   'es-shim-unscopables': [ '1.1.0' ],
62 silly audit   'es-to-primitive': [ '1.3.0' ],
62 silly audit   escalade: [ '3.2.0' ],
62 silly audit   'escape-string-regexp': [ '4.0.0' ],
62 silly audit   eslint: [ '9.39.2' ],
62 silly audit   'eslint-config-next': [ '16.1.1' ],
62 silly audit   globals: [ '16.4.0', '14.0.0' ],
62 silly audit   'eslint-import-resolver-node': [ '0.3.9' ],
62 silly audit   'eslint-import-resolver-typescript': [ '3.10.1' ],
62 silly audit   'eslint-module-utils': [ '2.12.1' ],
62 silly audit   'eslint-plugin-import': [ '2.32.0' ],
62 silly audit   'eslint-plugin-jsx-a11y': [ '6.10.2' ],
62 silly audit   'eslint-plugin-react': [ '7.37.5' ],
62 silly audit   'eslint-plugin-react-hooks': [ '7.0.1' ],
62 silly audit   resolve: [ '2.0.0-next.5', '1.22.11' ],
62 silly audit   'eslint-scope': [ '8.4.0' ],
62 silly audit   espree: [ '10.4.0' ],
62 silly audit   esquery: [ '1.7.0' ],
62 silly audit   esrecurse: [ '4.3.0' ],
62 silly audit   estraverse: [ '5.3.0' ],
62 silly audit   esutils: [ '2.0.3' ],
62 silly audit   'fast-deep-equal': [ '3.1.3' ],
62 silly audit   'fast-glob': [ '3.3.1' ],
62 silly audit   'glob-parent': [ '5.1.2', '6.0.2' ],
62 silly audit   'fast-json-stable-stringify': [ '2.1.0' ],
62 silly audit   'fast-levenshtein': [ '2.0.6' ],
62 silly audit   fastq: [ '1.20.1' ],
62 silly audit   'file-entry-cache': [ '8.0.0' ],
62 silly audit   'fill-range': [ '7.1.1' ],
62 silly audit   'find-up': [ '5.0.0' ],
62 silly audit   'flat-cache': [ '4.0.1' ],
62 silly audit   flatted: [ '3.3.3' ],
62 silly audit   'for-each': [ '0.3.5' ],
62 silly audit   'function-bind': [ '1.1.2' ],
62 silly audit   'function.prototype.name': [ '1.1.8' ],
62 silly audit   'functions-have-names': [ '1.2.3' ],
62 silly audit   'generator-function': [ '2.0.1' ],
62 silly audit   gensync: [ '1.0.0-beta.2' ],
62 silly audit   'get-intrinsic': [ '1.3.0' ],
62 silly audit   'get-nonce': [ '1.0.1' ],
62 silly audit   'get-proto': [ '1.0.1' ],
62 silly audit   'get-symbol-description': [ '1.1.0' ],
62 silly audit   'get-tsconfig': [ '4.13.0' ],
62 silly audit   globalthis: [ '1.0.4' ],
62 silly audit   gopd: [ '1.2.0' ],
62 silly audit   'graceful-fs': [ '4.2.11' ],
62 silly audit   'has-bigints': [ '1.1.0' ],
62 silly audit   'has-flag': [ '4.0.0' ],
62 silly audit   'has-property-descriptors': [ '1.0.2' ],
62 silly audit   'has-proto': [ '1.2.0' ],
62 silly audit   'has-symbols': [ '1.1.0' ],
62 silly audit   'has-tostringtag': [ '1.0.2' ],
62 silly audit   hasown: [ '2.0.2' ],
62 silly audit   'hermes-estree': [ '0.25.1' ],
62 silly audit   'hermes-parser': [ '0.25.1' ],
62 silly audit   'iceberg-js': [ '0.8.1' ],
62 silly audit   'import-fresh': [ '3.3.1' ],
62 silly audit   imurmurhash: [ '0.1.4' ],
62 silly audit   'internal-slot': [ '1.1.0' ],
62 silly audit   'is-array-buffer': [ '3.0.5' ],
62 silly audit   'is-async-function': [ '2.1.1' ],
62 silly audit   'is-bigint': [ '1.1.0' ],
62 silly audit   'is-boolean-object': [ '1.2.2' ],
62 silly audit   'is-bun-module': [ '2.0.0' ],
62 silly audit   'is-callable': [ '1.2.7' ],
62 silly audit   'is-core-module': [ '2.16.1' ],
62 silly audit   'is-data-view': [ '1.0.2' ],
62 silly audit   'is-date-object': [ '1.1.0' ],
62 silly audit   'is-extglob': [ '2.1.1' ],
62 silly audit   'is-finalizationregistry': [ '1.1.1' ],
62 silly audit   'is-generator-function': [ '1.1.2' ],
62 silly audit   'is-glob': [ '4.0.3' ],
62 silly audit   'is-map': [ '2.0.3' ],
62 silly audit   'is-negative-zero': [ '2.0.3' ],
62 silly audit   'is-number': [ '7.0.0' ],
62 silly audit   'is-number-object': [ '1.1.1' ],
62 silly audit   'is-regex': [ '1.2.1' ],
62 silly audit   'is-set': [ '2.0.3' ],
62 silly audit   'is-shared-array-buffer': [ '1.0.4' ],
62 silly audit   'is-string': [ '1.1.1' ],
62 silly audit   'is-symbol': [ '1.1.1' ],
62 silly audit   'is-typed-array': [ '1.1.15' ],
62 silly audit   'is-weakmap': [ '2.0.2' ],
62 silly audit   'is-weakref': [ '1.1.1' ],
62 silly audit   'is-weakset': [ '2.0.4' ],
62 silly audit   isarray: [ '2.0.5' ],
62 silly audit   isexe: [ '2.0.0' ],
62 silly audit   'iterator.prototype': [ '1.1.5' ],
62 silly audit   jiti: [ '2.6.1' ],
62 silly audit   'js-tokens': [ '4.0.0' ],
62 silly audit   'js-yaml': [ '4.1.1' ],
62 silly audit   jsesc: [ '3.1.0' ],
62 silly audit   'json-buffer': [ '3.0.1' ],
62 silly audit   'json-schema-traverse': [ '0.4.1' ],
62 silly audit   'json-stable-stringify-without-jsonify': [ '1.0.1' ],
62 silly audit   json5: [ '2.2.3', '1.0.2' ],
62 silly audit   'jsx-ast-utils': [ '3.3.5' ],
62 silly audit   keyv: [ '4.5.4' ],
62 silly audit   'language-subtag-registry': [ '0.3.23' ],
62 silly audit   'language-tags': [ '1.0.9' ],
62 silly audit   levn: [ '0.4.1' ],
62 silly audit   lightningcss: [ '1.30.2' ],
62 silly audit   'lightningcss-android-arm64': [ '1.30.2' ],
62 silly audit   'lightningcss-darwin-arm64': [ '1.30.2' ],
62 silly audit   'lightningcss-darwin-x64': [ '1.30.2' ],
62 silly audit   'lightningcss-freebsd-x64': [ '1.30.2' ],
62 silly audit   'lightningcss-linux-arm-gnueabihf': [ '1.30.2' ],
62 silly audit   'lightningcss-linux-arm64-gnu': [ '1.30.2' ],
62 silly audit   'lightningcss-linux-arm64-musl': [ '1.30.2' ],
62 silly audit   'lightningcss-linux-x64-gnu': [ '1.30.2' ],
62 silly audit   'lightningcss-linux-x64-musl': [ '1.30.2' ],
62 silly audit   'lightningcss-win32-arm64-msvc': [ '1.30.2' ],
62 silly audit   'lightningcss-win32-x64-msvc': [ '1.30.2' ],
62 silly audit   'locate-path': [ '6.0.0' ],
62 silly audit   'lodash.merge': [ '4.6.2' ],
62 silly audit   'loose-envify': [ '1.4.0' ],
62 silly audit   'lru-cache': [ '5.1.1' ],
62 silly audit   'lucide-react': [ '0.562.0' ],
62 silly audit   'magic-string': [ '0.30.21' ],
62 silly audit   'math-intrinsics': [ '1.1.0' ],
62 silly audit   merge2: [ '1.4.1' ],
62 silly audit   micromatch: [ '4.0.8' ],
62 silly audit   minimist: [ '1.2.8' ],
62 silly audit   ms: [ '2.1.3' ],
62 silly audit   nanoid: [ '3.3.11' ],
62 silly audit   'napi-postinstall': [ '0.3.4' ],
62 silly audit   'natural-compare': [ '1.4.0' ],
62 silly audit   next: [ '16.1.1' ],
62 silly audit   postcss: [ '8.4.31', '8.5.6' ],
62 silly audit   'node-releases': [ '2.0.27' ],
62 silly audit   'object-assign': [ '4.1.1' ],
62 silly audit   'object-inspect': [ '1.13.4' ],
62 silly audit   'object-keys': [ '1.1.1' ],
62 silly audit   'object.assign': [ '4.1.7' ],
62 silly audit   'object.entries': [ '1.1.9' ],
62 silly audit   'object.fromentries': [ '2.0.8' ],
62 silly audit   'object.groupby': [ '1.0.3' ],
62 silly audit   'object.values': [ '1.2.1' ],
62 silly audit   optionator: [ '0.9.4' ],
62 silly audit   'own-keys': [ '1.0.1' ],
62 silly audit   'p-limit': [ '3.1.0' ],
62 silly audit   'p-locate': [ '5.0.0' ],
62 silly audit   'parent-module': [ '1.0.1' ],
62 silly audit   'path-exists': [ '4.0.0' ],
62 silly audit   'path-key': [ '3.1.1' ],
62 silly audit   'path-parse': [ '1.0.7' ],
62 silly audit   picocolors: [ '1.1.1' ],
62 silly audit   picomatch: [ '2.3.1', '4.0.3' ],
62 silly audit   'possible-typed-array-names': [ '1.1.0' ],
62 silly audit   'prelude-ls': [ '1.2.1' ],
62 silly audit   'prop-types': [ '15.8.1' ],
62 silly audit   punycode: [ '2.3.1' ],
62 silly audit   'queue-microtask': [ '1.2.3' ],
62 silly audit   react: [ '19.2.3' ],
62 silly audit   'react-dom': [ '19.2.3' ],
62 silly audit   'react-hook-form': [ '7.70.0' ],
62 silly audit   'react-is': [ '16.13.1' ],
62 silly audit   'react-remove-scroll': [ '2.7.2' ],
62 silly audit   'react-remove-scroll-bar': [ '2.3.8' ],
62 silly audit   'react-style-singleton': [ '2.2.3' ],
62 silly audit   'reflect.getprototypeof': [ '1.0.10' ],
62 silly audit   'regexp.prototype.flags': [ '1.5.4' ],
62 silly audit   'resolve-from': [ '4.0.0' ],
62 silly audit   'resolve-pkg-maps': [ '1.0.0' ],
62 silly audit   reusify: [ '1.1.0' ],
62 silly audit   'run-parallel': [ '1.2.0' ],
62 silly audit   'safe-array-concat': [ '1.1.3' ],
62 silly audit   'safe-push-apply': [ '1.0.0' ],
62 silly audit   'safe-regex-test': [ '1.1.0' ],
62 silly audit   scheduler: [ '0.27.0' ],
62 silly audit   'set-function-length': [ '1.2.2' ],
62 silly audit   'set-function-name': [ '2.0.2' ],
62 silly audit   'set-proto': [ '1.0.0' ],
62 silly audit   sharp: [ '0.34.5' ],
62 silly audit   'shebang-command': [ '2.0.0' ],
62 silly audit   'shebang-regex': [ '3.0.0' ],
62 silly audit   'side-channel': [ '1.1.0' ],
62 silly audit   'side-channel-list': [ '1.0.0' ],
62 silly audit   'side-channel-map': [ '1.0.1' ],
62 silly audit   'side-channel-weakmap': [ '1.0.2' ],
62 silly audit   'source-map-js': [ '1.2.1' ],
62 silly audit   'stable-hash': [ '0.0.5' ],
62 silly audit   'stop-iteration-iterator': [ '1.1.0' ],
62 silly audit   'string.prototype.includes': [ '2.0.1' ],
62 silly audit   'string.prototype.matchall': [ '4.0.12' ],
62 silly audit   'string.prototype.repeat': [ '1.0.0' ],
62 silly audit   'string.prototype.trim': [ '1.2.10' ],
62 silly audit   'string.prototype.trimend': [ '1.0.9' ],
62 silly audit   'string.prototype.trimstart': [ '1.0.8' ],
62 silly audit   'strip-bom': [ '3.0.0' ],
62 silly audit   'strip-json-comments': [ '3.1.1' ],
62 silly audit   'styled-jsx': [ '5.1.6' ],
62 silly audit   'supports-color': [ '7.2.0' ],
62 silly audit   'supports-preserve-symlinks-flag': [ '1.0.0' ],
62 silly audit   'tailwind-merge': [ '3.4.0' ],
62 silly audit   tailwindcss: [ '4.1.18' ],
62 silly audit   tapable: [ '2.3.0' ],
62 silly audit   tinyglobby: [ '0.2.15' ],
62 silly audit   fdir: [ '6.5.0' ],
62 silly audit   'to-regex-range': [ '5.0.1' ],
62 silly audit   'ts-api-utils': [ '2.4.0' ],
62 silly audit   'tsconfig-paths': [ '3.15.0' ],
62 silly audit   tslib: [ '2.8.1' ],
62 silly audit   'tw-animate-css': [ '1.4.0' ],
62 silly audit   'type-check': [ '0.4.0' ],
62 silly audit   'typed-array-buffer': [ '1.0.3' ],
62 silly audit   'typed-array-byte-length': [ '1.0.3' ],
62 silly audit   'typed-array-byte-offset': [ '1.0.4' ],
62 silly audit   'typed-array-length': [ '1.0.7' ],
62 silly audit   typescript: [ '5.9.3' ],
62 silly audit   'typescript-eslint': [ '8.52.0' ],
62 silly audit   'unbox-primitive': [ '1.1.0' ],
62 silly audit   'undici-types': [ '6.21.0' ],
62 silly audit   'unrs-resolver': [ '1.11.1' ],
62 silly audit   'update-browserslist-db': [ '1.2.3' ],
62 silly audit   'uri-js': [ '4.4.1' ],
62 silly audit   'use-callback-ref': [ '1.3.3' ],
62 silly audit   'use-sidecar': [ '1.1.3' ],
62 silly audit   which: [ '2.0.2' ],
62 silly audit   'which-boxed-primitive': [ '1.1.1' ],
62 silly audit   'which-builtin-type': [ '1.2.1' ],
62 silly audit   'which-collection': [ '1.0.2' ],
62 silly audit   'which-typed-array': [ '1.1.19' ],
62 silly audit   'word-wrap': [ '1.2.5' ],
62 silly audit   ws: [ '8.19.0' ],
62 silly audit   yallist: [ '3.1.1' ],
62 silly audit   'yocto-queue': [ '0.1.0' ],
62 silly audit   zod: [ '4.3.5' ],
62 silly audit   'zod-validation-error': [ '4.0.2' ],
62 silly audit   '@radix-ui/react-checkbox': [ '1.3.3' ],
62 silly audit   '@tailwindcss/oxide-wasm32-wasi': [ '4.1.18' ]
62 silly audit }
63 verbose reify failed optional dependency /Users/paulkillgus/Desktop/Seitenheld Messe/leadcap/node_modules/lightningcss-win32-x64-msvc
64 silly reify mark deleted [
64 silly reify   '/Users/paulkillgus/Desktop/Seitenheld Messe/leadcap/node_modules/lightningcss-win32-x64-msvc'
64 silly reify ]
65 verbose reify failed optional dependency /Users/paulkillgus/Desktop/Seitenheld Messe/leadcap/node_modules/lightningcss-win32-arm64-msvc
66 silly reify mark deleted [
66 silly reify   '/Users/paulkillgus/Desktop/Seitenheld Messe/leadcap/node_modules/lightningcss-win32-arm64-msvc'
66 silly reify ]
67 verbose reify failed optional dependency /Users/paulkillgus/Desktop/Seitenheld Messe/leadcap/node_modules/lightningcss-linux-x64-musl
68 silly reify mark deleted [
68 silly reify   '/Users/paulkillgus/Desktop/Seitenheld Messe/leadcap/node_modules/lightningcss-linux-x64-musl'
68 silly reify ]
69 verbose reify failed optional dependency /Users/paulkillgus/Desktop/Seitenheld Messe/leadcap/node_modules/lightningcss-linux-x64-gnu
70 silly reify mark deleted [
70 silly reify   '/Users/paulkillgus/Desktop/Seitenheld Messe/leadcap/node_modules/lightningcss-linux-x64-gnu'
70 silly reify ]
71 verbose reify failed optional dependency /Users/paulkillgus/Desktop/Seitenheld Messe/leadcap/node_modules/lightningcss-linux-arm64-musl
72 silly reify mark deleted [
72 silly reify   '/Users/paulkillgus/Desktop/Seitenheld Messe/leadcap/node_modules/lightningcss-linux-arm64-musl'
72 silly reify ]
73 verbose reify failed optional dependency /Users/paulkillgus/Desktop/Seitenheld Messe/leadcap/node_modules/lightningcss-linux-arm64-gnu
74 silly reify mark deleted [
74 silly reify   '/Users/paulkillgus/Desktop/Seitenheld Messe/leadcap/node_modules/lightningcss-linux-arm64-gnu'
74 silly reify ]
75 verbose reify failed optional dependency /Users/paulkillgus/Desktop/Seitenheld Messe/leadcap/node_modules/lightningcss-linux-arm-gnueabihf
76 silly reify mark deleted [
76 silly reify   '/Users/paulkillgus/Desktop/Seitenheld Messe/leadcap/node_modules/lightningcss-linux-arm-gnueabihf'
76 silly reify ]
77 verbose reify failed optional dependency /Users/paulkillgus/Desktop/Seitenheld Messe/leadcap/node_modules/lightningcss-freebsd-x64
78 silly reify mark deleted [
78 silly reify   '/Users/paulkillgus/Desktop/Seitenheld Messe/leadcap/node_modules/lightningcss-freebsd-x64'
78 silly reify ]
79 verbose reify failed optional dependency /Users/paulkillgus/Desktop/Seitenheld Messe/leadcap/node_modules/lightningcss-darwin-x64
80 silly reify mark deleted [
80 silly reify   '/Users/paulkillgus/Desktop/Seitenheld Messe/leadcap/node_modules/lightningcss-darwin-x64'
80 silly reify ]
81 verbose reify failed optional dependency /Users/paulkillgus/Desktop/Seitenheld Messe/leadcap/node_modules/lightningcss-android-arm64
82 silly reify mark deleted [
82 silly reify   '/Users/paulkillgus/Desktop/Seitenheld Messe/leadcap/node_modules/lightningcss-android-arm64'
82 silly reify ]
83 verbose reify failed optional dependency /Users/paulkillgus/Desktop/Seitenheld Messe/leadcap/node_modules/@unrs/resolver-binding-win32-x64-msvc
84 silly reify mark deleted [
84 silly reify   '/Users/paulkillgus/Desktop/Seitenheld Messe/leadcap/node_modules/@unrs/resolver-binding-win32-x64-msvc'
84 silly reify ]
85 verbose reify failed optional dependency /Users/paulkillgus/Desktop/Seitenheld Messe/leadcap/node_modules/@unrs/resolver-binding-win32-ia32-msvc
86 silly reify mark deleted [
86 silly reify   '/Users/paulkillgus/Desktop/Seitenheld Messe/leadcap/node_modules/@unrs/resolver-binding-win32-ia32-msvc'
86 silly reify ]
87 verbose reify failed optional dependency /Users/paulkillgus/Desktop/Seitenheld Messe/leadcap/node_modules/@unrs/resolver-binding-win32-arm64-msvc
88 silly reify mark deleted [
88 silly reify   '/Users/paulkillgus/Desktop/Seitenheld Messe/leadcap/node_modules/@unrs/resolver-binding-win32-arm64-msvc'
88 silly reify ]
89 verbose reify failed optional dependency /Users/paulkillgus/Desktop/Seitenheld Messe/leadcap/node_modules/@unrs/resolver-binding-wasm32-wasi
90 silly reify mark deleted [
90 silly reify   '/Users/paulkillgus/Desktop/Seitenheld Messe/leadcap/node_modules/@unrs/resolver-binding-wasm32-wasi'
90 silly reify ]
91 verbose reify failed optional dependency /Users/paulkillgus/Desktop/Seitenheld Messe/leadcap/node_modules/@unrs/resolver-binding-linux-x64-musl
92 silly reify mark deleted [
92 silly reify   '/Users/paulkillgus/Desktop/Seitenheld Messe/leadcap/node_modules/@unrs/resolver-binding-linux-x64-musl'
92 silly reify ]
93 verbose reify failed optional dependency /Users/paulkillgus/Desktop/Seitenheld Messe/leadcap/node_modules/@unrs/resolver-binding-linux-x64-gnu
94 silly reify mark deleted [
94 silly reify   '/Users/paulkillgus/Desktop/Seitenheld Messe/leadcap/node_modules/@unrs/resolver-binding-linux-x64-gnu'
94 silly reify ]
95 verbose reify failed optional dependency /Users/paulkillgus/Desktop/Seitenheld Messe/leadcap/node_modules/@unrs/resolver-binding-linux-s390x-gnu
96 silly reify mark deleted [
96 silly reify   '/Users/paulkillgus/Desktop/Seitenheld Messe/leadcap/node_modules/@unrs/resolver-binding-linux-s390x-gnu'
96 silly reify ]
97 verbose reify failed optional dependency /Users/paulkillgus/Desktop/Seitenheld Messe/leadcap/node_modules/@unrs/resolver-binding-linux-riscv64-musl
98 silly reify mark deleted [
98 silly reify   '/Users/paulkillgus/Desktop/Seitenheld Messe/leadcap/node_modules/@unrs/resolver-binding-linux-riscv64-musl'
98 silly reify ]
99 verbose reify failed optional dependency /Users/paulkillgus/Desktop/Seitenheld Messe/leadcap/node_modules/@unrs/resolver-binding-linux-riscv64-gnu
100 silly reify mark deleted [
100 silly reify   '/Users/paulkillgus/Desktop/Seitenheld Messe/leadcap/node_modules/@unrs/resolver-binding-linux-riscv64-gnu'
100 silly reify ]
101 verbose reify failed optional dependency /Users/paulkillgus/Desktop/Seitenheld Messe/leadcap/node_modules/@unrs/resolver-binding-linux-ppc64-gnu
102 silly reify mark deleted [
102 silly reify   '/Users/paulkillgus/Desktop/Seitenheld Messe/leadcap/node_modules/@unrs/resolver-binding-linux-ppc64-gnu'
102 silly reify ]
103 verbose reify failed optional dependency /Users/paulkillgus/Desktop/Seitenheld Messe/leadcap/node_modules/@unrs/resolver-binding-linux-arm64-musl
104 silly reify mark deleted [
104 silly reify   '/Users/paulkillgus/Desktop/Seitenheld Messe/leadcap/node_modules/@unrs/resolver-binding-linux-arm64-musl'
104 silly reify ]
105 verbose reify failed optional dependency /Users/paulkillgus/Desktop/Seitenheld Messe/leadcap/node_modules/@unrs/resolver-binding-linux-arm64-gnu
106 silly reify mark deleted [
106 silly reify   '/Users/paulkillgus/Desktop/Seitenheld Messe/leadcap/node_modules/@unrs/resolver-binding-linux-arm64-gnu'
106 silly reify ]
107 verbose reify failed optional dependency /Users/paulkillgus/Desktop/Seitenheld Messe/leadcap/node_modules/@unrs/resolver-binding-linux-arm-musleabihf
108 silly reify mark deleted [
108 silly reify   '/Users/paulkillgus/Desktop/Seitenheld Messe/leadcap/node_modules/@unrs/resolver-binding-linux-arm-musleabihf'
108 silly reify ]
109 verbose reify failed optional dependency /Users/paulkillgus/Desktop/Seitenheld Messe/leadcap/node_modules/@unrs/resolver-binding-linux-arm-gnueabihf
110 silly reify mark deleted [
110 silly reify   '/Users/paulkillgus/Desktop/Seitenheld Messe/leadcap/node_modules/@unrs/resolver-binding-linux-arm-gnueabihf'
110 silly reify ]
111 verbose reify failed optional dependency /Users/paulkillgus/Desktop/Seitenheld Messe/leadcap/node_modules/@unrs/resolver-binding-freebsd-x64
112 silly reify mark deleted [
112 silly reify   '/Users/paulkillgus/Desktop/Seitenheld Messe/leadcap/node_modules/@unrs/resolver-binding-freebsd-x64'
112 silly reify ]
113 verbose reify failed optional dependency /Users/paulkillgus/Desktop/Seitenheld Messe/leadcap/node_modules/@unrs/resolver-binding-darwin-x64
114 silly reify mark deleted [
114 silly reify   '/Users/paulkillgus/Desktop/Seitenheld Messe/leadcap/node_modules/@unrs/resolver-binding-darwin-x64'
114 silly reify ]
115 verbose reify failed optional dependency /Users/paulkillgus/Desktop/Seitenheld Messe/leadcap/node_modules/@unrs/resolver-binding-android-arm64
116 silly reify mark deleted [
116 silly reify   '/Users/paulkillgus/Desktop/Seitenheld Messe/leadcap/node_modules/@unrs/resolver-binding-android-arm64'
116 silly reify ]
117 verbose reify failed optional dependency /Users/paulkillgus/Desktop/Seitenheld Messe/leadcap/node_modules/@unrs/resolver-binding-android-arm-eabi
118 silly reify mark deleted [
118 silly reify   '/Users/paulkillgus/Desktop/Seitenheld Messe/leadcap/node_modules/@unrs/resolver-binding-android-arm-eabi'
118 silly reify ]
119 verbose reify failed optional dependency /Users/paulkillgus/Desktop/Seitenheld Messe/leadcap/node_modules/@tailwindcss/oxide-win32-x64-msvc
120 silly reify mark deleted [
120 silly reify   '/Users/paulkillgus/Desktop/Seitenheld Messe/leadcap/node_modules/@tailwindcss/oxide-win32-x64-msvc'
120 silly reify ]
121 verbose reify failed optional dependency /Users/paulkillgus/Desktop/Seitenheld Messe/leadcap/node_modules/@tailwindcss/oxide-win32-arm64-msvc
122 silly reify mark deleted [
122 silly reify   '/Users/paulkillgus/Desktop/Seitenheld Messe/leadcap/node_modules/@tailwindcss/oxide-win32-arm64-msvc'
122 silly reify ]
123 verbose reify failed optional dependency /Users/paulkillgus/Desktop/Seitenheld Messe/leadcap/node_modules/@tailwindcss/oxide-linux-x64-musl
124 silly reify mark deleted [
124 silly reify   '/Users/paulkillgus/Desktop/Seitenheld Messe/leadcap/node_modules/@tailwindcss/oxide-linux-x64-musl'
124 silly reify ]
125 verbose reify failed optional dependency /Users/paulkillgus/Desktop/Seitenheld Messe/leadcap/node_modules/@tailwindcss/oxide-linux-x64-gnu
126 silly reify mark deleted [
126 silly reify   '/Users/paulkillgus/Desktop/Seitenheld Messe/leadcap/node_modules/@tailwindcss/oxide-linux-x64-gnu'
126 silly reify ]
127 verbose reify failed optional dependency /Users/paulkillgus/Desktop/Seitenheld Messe/leadcap/node_modules/@tailwindcss/oxide-linux-arm64-musl
128 silly reify mark deleted [
128 silly reify   '/Users/paulkillgus/Desktop/Seitenheld Messe/leadcap/node_modules/@tailwindcss/oxide-linux-arm64-musl'
128 silly reify ]
129 verbose reify failed optional dependency /Users/paulkillgus/Desktop/Seitenheld Messe/leadcap/node_modules/@tailwindcss/oxide-linux-arm64-gnu
130 silly reify mark deleted [
130 silly reify   '/Users/paulkillgus/Desktop/Seitenheld Messe/leadcap/node_modules/@tailwindcss/oxide-linux-arm64-gnu'
130 silly reify ]
131 verbose reify failed optional dependency /Users/paulkillgus/Desktop/Seitenheld Messe/leadcap/node_modules/@tailwindcss/oxide-linux-arm-gnueabihf
132 silly reify mark deleted [
132 silly reify   '/Users/paulkillgus/Desktop/Seitenheld Messe/leadcap/node_modules/@tailwindcss/oxide-linux-arm-gnueabihf'
132 silly reify ]
133 verbose reify failed optional dependency /Users/paulkillgus/Desktop/Seitenheld Messe/leadcap/node_modules/@tailwindcss/oxide-freebsd-x64
134 silly reify mark deleted [
134 silly reify   '/Users/paulkillgus/Desktop/Seitenheld Messe/leadcap/node_modules/@tailwindcss/oxide-freebsd-x64'
134 silly reify ]
135 verbose reify failed optional dependency /Users/paulkillgus/Desktop/Seitenheld Messe/leadcap/node_modules/@tailwindcss/oxide-darwin-x64
136 silly reify mark deleted [
136 silly reify   '/Users/paulkillgus/Desktop/Seitenheld Messe/leadcap/node_modules/@tailwindcss/oxide-darwin-x64'
136 silly reify ]
137 verbose reify failed optional dependency /Users/paulkillgus/Desktop/Seitenheld Messe/leadcap/node_modules/@tailwindcss/oxide-android-arm64
138 silly reify mark deleted [
138 silly reify   '/Users/paulkillgus/Desktop/Seitenheld Messe/leadcap/node_modules/@tailwindcss/oxide-android-arm64'
138 silly reify ]
139 verbose reify failed optional dependency /Users/paulkillgus/Desktop/Seitenheld Messe/leadcap/node_modules/@next/swc-win32-x64-msvc
140 silly reify mark deleted [
140 silly reify   '/Users/paulkillgus/Desktop/Seitenheld Messe/leadcap/node_modules/@next/swc-win32-x64-msvc'
140 silly reify ]
141 verbose reify failed optional dependency /Users/paulkillgus/Desktop/Seitenheld Messe/leadcap/node_modules/@next/swc-win32-arm64-msvc
142 silly reify mark deleted [
142 silly reify   '/Users/paulkillgus/Desktop/Seitenheld Messe/leadcap/node_modules/@next/swc-win32-arm64-msvc'
142 silly reify ]
143 verbose reify failed optional dependency /Users/paulkillgus/Desktop/Seitenheld Messe/leadcap/node_modules/@next/swc-linux-x64-musl
144 silly reify mark deleted [
144 silly reify   '/Users/paulkillgus/Desktop/Seitenheld Messe/leadcap/node_modules/@next/swc-linux-x64-musl'
144 silly reify ]
145 verbose reify failed optional dependency /Users/paulkillgus/Desktop/Seitenheld Messe/leadcap/node_modules/@next/swc-linux-x64-gnu
146 silly reify mark deleted [
146 silly reify   '/Users/paulkillgus/Desktop/Seitenheld Messe/leadcap/node_modules/@next/swc-linux-x64-gnu'
146 silly reify ]
147 verbose reify failed optional dependency /Users/paulkillgus/Desktop/Seitenheld Messe/leadcap/node_modules/@next/swc-linux-arm64-musl
148 silly reify mark deleted [
148 silly reify   '/Users/paulkillgus/Desktop/Seitenheld Messe/leadcap/node_modules/@next/swc-linux-arm64-musl'
148 silly reify ]
149 verbose reify failed optional dependency /Users/paulkillgus/Desktop/Seitenheld Messe/leadcap/node_modules/@next/swc-linux-arm64-gnu
150 silly reify mark deleted [
150 silly reify   '/Users/paulkillgus/Desktop/Seitenheld Messe/leadcap/node_modules/@next/swc-linux-arm64-gnu'
150 silly reify ]
151 verbose reify failed optional dependency /Users/paulkillgus/Desktop/Seitenheld Messe/leadcap/node_modules/@next/swc-darwin-x64
152 silly reify mark deleted [
152 silly reify   '/Users/paulkillgus/Desktop/Seitenheld Messe/leadcap/node_modules/@next/swc-darwin-x64'
152 silly reify ]
153 verbose reify failed optional dependency /Users/paulkillgus/Desktop/Seitenheld Messe/leadcap/node_modules/@img/sharp-win32-x64
154 silly reify mark deleted [
154 silly reify   '/Users/paulkillgus/Desktop/Seitenheld Messe/leadcap/node_modules/@img/sharp-win32-x64'
154 silly reify ]
155 verbose reify failed optional dependency /Users/paulkillgus/Desktop/Seitenheld Messe/leadcap/node_modules/@img/sharp-win32-ia32
156 silly reify mark deleted [
156 silly reify   '/Users/paulkillgus/Desktop/Seitenheld Messe/leadcap/node_modules/@img/sharp-win32-ia32'
156 silly reify ]
157 verbose reify failed optional dependency /Users/paulkillgus/Desktop/Seitenheld Messe/leadcap/node_modules/@img/sharp-win32-arm64
158 silly reify mark deleted [
158 silly reify   '/Users/paulkillgus/Desktop/Seitenheld Messe/leadcap/node_modules/@img/sharp-win32-arm64'
158 silly reify ]
159 verbose reify failed optional dependency /Users/paulkillgus/Desktop/Seitenheld Messe/leadcap/node_modules/@img/sharp-wasm32
160 silly reify mark deleted [
160 silly reify   '/Users/paulkillgus/Desktop/Seitenheld Messe/leadcap/node_modules/@img/sharp-wasm32'
160 silly reify ]
161 verbose reify failed optional dependency /Users/paulkillgus/Desktop/Seitenheld Messe/leadcap/node_modules/@img/sharp-linuxmusl-x64
162 silly reify mark deleted [
162 silly reify   '/Users/paulkillgus/Desktop/Seitenheld Messe/leadcap/node_modules/@img/sharp-linuxmusl-x64'
162 silly reify ]
163 verbose reify failed optional dependency /Users/paulkillgus/Desktop/Seitenheld Messe/leadcap/node_modules/@img/sharp-linuxmusl-arm64
164 silly reify mark deleted [
164 silly reify   '/Users/paulkillgus/Desktop/Seitenheld Messe/leadcap/node_modules/@img/sharp-linuxmusl-arm64'
164 silly reify ]
165 verbose reify failed optional dependency /Users/paulkillgus/Desktop/Seitenheld Messe/leadcap/node_modules/@img/sharp-linux-x64
166 silly reify mark deleted [
166 silly reify   '/Users/paulkillgus/Desktop/Seitenheld Messe/leadcap/node_modules/@img/sharp-linux-x64'
166 silly reify ]
167 verbose reify failed optional dependency /Users/paulkillgus/Desktop/Seitenheld Messe/leadcap/node_modules/@img/sharp-linux-s390x
168 silly reify mark deleted [
168 silly reify   '/Users/paulkillgus/Desktop/Seitenheld Messe/leadcap/node_modules/@img/sharp-linux-s390x'
168 silly reify ]
169 verbose reify failed optional dependency /Users/paulkillgus/Desktop/Seitenheld Messe/leadcap/node_modules/@img/sharp-linux-riscv64
170 silly reify mark deleted [
170 silly reify   '/Users/paulkillgus/Desktop/Seitenheld Messe/leadcap/node_modules/@img/sharp-linux-riscv64'
170 silly reify ]
171 verbose reify failed optional dependency /Users/paulkillgus/Desktop/Seitenheld Messe/leadcap/node_modules/@img/sharp-linux-ppc64
172 silly reify mark deleted [
172 silly reify   '/Users/paulkillgus/Desktop/Seitenheld Messe/leadcap/node_modules/@img/sharp-linux-ppc64'
172 silly reify ]
173 verbose reify failed optional dependency /Users/paulkillgus/Desktop/Seitenheld Messe/leadcap/node_modules/@img/sharp-linux-arm64
174 silly reify mark deleted [
174 silly reify   '/Users/paulkillgus/Desktop/Seitenheld Messe/leadcap/node_modules/@img/sharp-linux-arm64'
174 silly reify ]
175 verbose reify failed optional dependency /Users/paulkillgus/Desktop/Seitenheld Messe/leadcap/node_modules/@img/sharp-linux-arm
176 silly reify mark deleted [
176 silly reify   '/Users/paulkillgus/Desktop/Seitenheld Messe/leadcap/node_modules/@img/sharp-linux-arm'
176 silly reify ]
177 verbose reify failed optional dependency /Users/paulkillgus/Desktop/Seitenheld Messe/leadcap/node_modules/@img/sharp-libvips-linuxmusl-x64
178 silly reify mark deleted [
178 silly reify   '/Users/paulkillgus/Desktop/Seitenheld Messe/leadcap/node_modules/@img/sharp-libvips-linuxmusl-x64'
178 silly reify ]
179 verbose reify failed optional dependency /Users/paulkillgus/Desktop/Seitenheld Messe/leadcap/node_modules/@img/sharp-libvips-linuxmusl-arm64
180 silly reify mark deleted [
180 silly reify   '/Users/paulkillgus/Desktop/Seitenheld Messe/leadcap/node_modules/@img/sharp-libvips-linuxmusl-arm64'
180 silly reify ]
181 verbose reify failed optional dependency /Users/paulkillgus/Desktop/Seitenheld Messe/leadcap/node_modules/@img/sharp-libvips-linux-x64
182 silly reify mark deleted [
182 silly reify   '/Users/paulkillgus/Desktop/Seitenheld Messe/leadcap/node_modules/@img/sharp-libvips-linux-x64'
182 silly reify ]
183 verbose reify failed optional dependency /Users/paulkillgus/Desktop/Seitenheld Messe/leadcap/node_modules/@img/sharp-libvips-linux-s390x
184 silly reify mark deleted [
184 silly reify   '/Users/paulkillgus/Desktop/Seitenheld Messe/leadcap/node_modules/@img/sharp-libvips-linux-s390x'
184 silly reify ]
185 verbose reify failed optional dependency /Users/paulkillgus/Desktop/Seitenheld Messe/leadcap/node_modules/@img/sharp-libvips-linux-riscv64
186 silly reify mark deleted [
186 silly reify   '/Users/paulkillgus/Desktop/Seitenheld Messe/leadcap/node_modules/@img/sharp-libvips-linux-riscv64'
186 silly reify ]
187 verbose reify failed optional dependency /Users/paulkillgus/Desktop/Seitenheld Messe/leadcap/node_modules/@img/sharp-libvips-linux-ppc64
188 silly reify mark deleted [
188 silly reify   '/Users/paulkillgus/Desktop/Seitenheld Messe/leadcap/node_modules/@img/sharp-libvips-linux-ppc64'
188 silly reify ]
189 verbose reify failed optional dependency /Users/paulkillgus/Desktop/Seitenheld Messe/leadcap/node_modules/@img/sharp-libvips-linux-arm64
190 silly reify mark deleted [
190 silly reify   '/Users/paulkillgus/Desktop/Seitenheld Messe/leadcap/node_modules/@img/sharp-libvips-linux-arm64'
190 silly reify ]
191 verbose reify failed optional dependency /Users/paulkillgus/Desktop/Seitenheld Messe/leadcap/node_modules/@img/sharp-libvips-linux-arm
192 silly reify mark deleted [
192 silly reify   '/Users/paulkillgus/Desktop/Seitenheld Messe/leadcap/node_modules/@img/sharp-libvips-linux-arm'
192 silly reify ]
193 verbose reify failed optional dependency /Users/paulkillgus/Desktop/Seitenheld Messe/leadcap/node_modules/@img/sharp-libvips-darwin-x64
194 silly reify mark deleted [
194 silly reify   '/Users/paulkillgus/Desktop/Seitenheld Messe/leadcap/node_modules/@img/sharp-libvips-darwin-x64'
194 silly reify ]
195 verbose reify failed optional dependency /Users/paulkillgus/Desktop/Seitenheld Messe/leadcap/node_modules/@img/sharp-darwin-x64
196 silly reify mark deleted [
196 silly reify   '/Users/paulkillgus/Desktop/Seitenheld Messe/leadcap/node_modules/@img/sharp-darwin-x64'
196 silly reify ]
197 http cache @radix-ui/react-checkbox@https://registry.npmjs.org/@radix-ui/react-checkbox/-/react-checkbox-1.3.3.tgz 0ms (cache hit)
198 http cache @radix-ui/react-slot@https://registry.npmjs.org/@radix-ui/react-slot/-/react-slot-1.2.3.tgz 0ms (cache hit)
199 http cache @radix-ui/react-primitive@https://registry.npmjs.org/@radix-ui/react-primitive/-/react-primitive-2.1.3.tgz 0ms (cache hit)
200 silly tarball no local data for @radix-ui/react-checkbox@https://registry.npmjs.org/@radix-ui/react-checkbox/-/react-checkbox-1.3.3.tgz. Extracting by manifest.
201 http fetch GET 200 https://registry.npmjs.org/@radix-ui/react-checkbox/-/react-checkbox-1.3.3.tgz 156ms (cache miss)
202 http fetch POST 200 https://registry.npmjs.org/-/npm/v1/security/advisories/bulk 264ms
203 silly audit report {}
204 silly ADD node_modules/@radix-ui/react-checkbox
205 silly ADD node_modules/@radix-ui/react-checkbox/node_modules/@radix-ui/react-slot
206 silly ADD node_modules/@radix-ui/react-checkbox/node_modules/@radix-ui/react-primitive
207 silly ADD
208 silly ADD
209 silly ADD
210 silly ADD
211 silly ADD
212 silly ADD
213 silly ADD
214 silly ADD
215 silly ADD
216 silly ADD
217 silly ADD
218 silly ADD
219 silly ADD
220 silly ADD
221 silly ADD
222 silly ADD
223 silly ADD
224 silly ADD
225 silly ADD
226 silly ADD
227 silly ADD
228 silly ADD
229 silly ADD
230 silly ADD
231 silly ADD
232 silly ADD
233 silly ADD
234 silly ADD
235 silly ADD
236 silly ADD
237 silly ADD
238 silly ADD
239 silly ADD
240 silly ADD
241 silly ADD
242 silly ADD
243 silly ADD
244 silly ADD
245 silly ADD
246 silly ADD
247 silly ADD
248 silly ADD
249 silly ADD
250 silly ADD
251 silly ADD
252 silly ADD
253 silly ADD
254 silly ADD
255 silly ADD
256 silly ADD
257 silly ADD
258 silly ADD
259 silly ADD
260 silly ADD
261 silly ADD
262 silly ADD
263 silly ADD
264 silly ADD
265 silly ADD
266 silly ADD
267 silly ADD
268 silly ADD
269 silly ADD
270 silly ADD
271 silly ADD
272 silly ADD
273 silly ADD
274 silly ADD
275 verbose cwd /Users/paulkillgus/Desktop/Seitenheld Messe/leadcap
276 verbose os Darwin 24.3.0
277 verbose node v23.11.0
278 verbose npm  v10.9.2
279 verbose exit 0
280 info ok
